Archive member included to satisfy reference by file (symbol)

/home/kshitij/qorc/qorc-sdk/arm_toolchain_install/gcc-arm-none-eabi-9-2020-q2-update/bin/../lib/gcc/arm-none-eabi/9.3.1/thumb/v7e-m+fp/hard/libgcc.a(_arm_muldf3.o)
                              /home/kshitij/qorc/qorc-sdk/qorc-onion-apps/qorc_fpga_breathectrl/GCC_Project/output/ql_test_signals.o (__aeabi_dmul)
/home/kshitij/qorc/qorc-sdk/arm_toolchain_install/gcc-arm-none-eabi-9-2020-q2-update/bin/../lib/gcc/arm-none-eabi/9.3.1/thumb/v7e-m+fp/hard/libgcc.a(_arm_addsubdf3.o)
                              /home/kshitij/qorc/qorc-sdk/qorc-onion-apps/qorc_fpga_breathectrl/GCC_Project/output/ql_test_signals.o (__aeabi_dadd)
/home/kshitij/qorc/qorc-sdk/arm_toolchain_install/gcc-arm-none-eabi-9-2020-q2-update/bin/../lib/gcc/arm-none-eabi/9.3.1/thumb/v7e-m+fp/hard/libgcc.a(_arm_muldivdf3.o)
                              /home/kshitij/qorc/qorc-sdk/qorc-onion-apps/qorc_fpga_breathectrl/GCC_Project/output/eoss3_hal_i2c.o (__aeabi_ddiv)
/home/kshitij/qorc/qorc-sdk/arm_toolchain_install/gcc-arm-none-eabi-9-2020-q2-update/bin/../lib/gcc/arm-none-eabi/9.3.1/thumb/v7e-m+fp/hard/libgcc.a(_arm_fixdfsi.o)
                              /home/kshitij/qorc/qorc-sdk/qorc-onion-apps/qorc_fpga_breathectrl/GCC_Project/output/ql_test_signals.o (__aeabi_d2iz)
/home/kshitij/qorc/qorc-sdk/arm_toolchain_install/gcc-arm-none-eabi-9-2020-q2-update/bin/../lib/gcc/arm-none-eabi/9.3.1/thumb/v7e-m+fp/hard/libgcc.a(_arm_truncdfsf2.o)
                              /home/kshitij/qorc/qorc-sdk/qorc-onion-apps/qorc_fpga_breathectrl/GCC_Project/output/eoss3_hal_i2c.o (__aeabi_d2f)
/home/kshitij/qorc/qorc-sdk/arm_toolchain_install/gcc-arm-none-eabi-9-2020-q2-update/bin/../lib/gcc/arm-none-eabi/9.3.1/thumb/v7e-m+fp/hard/libgcc.a(_aeabi_ldivmod.o)
                              /home/kshitij/qorc/qorc-sdk/qorc-onion-apps/qorc_fpga_breathectrl/GCC_Project/output/dbg_uart.o (__aeabi_ldivmod)
/home/kshitij/qorc/qorc-sdk/arm_toolchain_install/gcc-arm-none-eabi-9-2020-q2-update/bin/../lib/gcc/arm-none-eabi/9.3.1/thumb/v7e-m+fp/hard/libgcc.a(_aeabi_uldivmod.o)
                              /home/kshitij/qorc/qorc-sdk/qorc-onion-apps/qorc_fpga_breathectrl/GCC_Project/output/s3x_lpm.o (__aeabi_uldivmod)
/home/kshitij/qorc/qorc-sdk/arm_toolchain_install/gcc-arm-none-eabi-9-2020-q2-update/bin/../lib/gcc/arm-none-eabi/9.3.1/thumb/v7e-m+fp/hard/libgcc.a(_udivmoddi4.o)
                              /home/kshitij/qorc/qorc-sdk/arm_toolchain_install/gcc-arm-none-eabi-9-2020-q2-update/bin/../lib/gcc/arm-none-eabi/9.3.1/thumb/v7e-m+fp/hard/libgcc.a(_aeabi_ldivmod.o) (__udivmoddi4)
/home/kshitij/qorc/qorc-sdk/arm_toolchain_install/gcc-arm-none-eabi-9-2020-q2-update/bin/../lib/gcc/arm-none-eabi/9.3.1/thumb/v7e-m+fp/hard/libgcc.a(_dvmd_tls.o)
                              /home/kshitij/qorc/qorc-sdk/arm_toolchain_install/gcc-arm-none-eabi-9-2020-q2-update/bin/../lib/gcc/arm-none-eabi/9.3.1/thumb/v7e-m+fp/hard/libgcc.a(_aeabi_ldivmod.o) (__aeabi_ldiv0)
/home/kshitij/qorc/qorc-sdk/arm_toolchain_install/gcc-arm-none-eabi-9-2020-q2-update/bin/../lib/gcc/arm-none-eabi/9.3.1/../../../../arm-none-eabi/lib/thumb/v7e-m+fp/hard/libg_nano.a(lib_a-exit.o)
                              /home/kshitij/qorc/qorc-sdk/arm_toolchain_install/gcc-arm-none-eabi-9-2020-q2-update/bin/../lib/gcc/arm-none-eabi/9.3.1/../../../../arm-none-eabi/lib/thumb/v7e-m+fp/hard/crt0.o (exit)
/home/kshitij/qorc/qorc-sdk/arm_toolchain_install/gcc-arm-none-eabi-9-2020-q2-update/bin/../lib/gcc/arm-none-eabi/9.3.1/../../../../arm-none-eabi/lib/thumb/v7e-m+fp/hard/libg_nano.a(lib_a-impure.o)
                              /home/kshitij/qorc/qorc-sdk/arm_toolchain_install/gcc-arm-none-eabi-9-2020-q2-update/bin/../lib/gcc/arm-none-eabi/9.3.1/../../../../arm-none-eabi/lib/thumb/v7e-m+fp/hard/libg_nano.a(lib_a-exit.o) (_global_impure_ptr)
/home/kshitij/qorc/qorc-sdk/arm_toolchain_install/gcc-arm-none-eabi-9-2020-q2-update/bin/../lib/gcc/arm-none-eabi/9.3.1/../../../../arm-none-eabi/lib/thumb/v7e-m+fp/hard/libg_nano.a(lib_a-init.o)
                              /home/kshitij/qorc/qorc-sdk/arm_toolchain_install/gcc-arm-none-eabi-9-2020-q2-update/bin/../lib/gcc/arm-none-eabi/9.3.1/../../../../arm-none-eabi/lib/thumb/v7e-m+fp/hard/crt0.o (__libc_init_array)
/home/kshitij/qorc/qorc-sdk/arm_toolchain_install/gcc-arm-none-eabi-9-2020-q2-update/bin/../lib/gcc/arm-none-eabi/9.3.1/../../../../arm-none-eabi/lib/thumb/v7e-m+fp/hard/libg_nano.a(lib_a-malloc.o)
                              /home/kshitij/qorc/qorc-sdk/qorc-onion-apps/qorc_fpga_breathectrl/GCC_Project/output/circularBuffQueue.o (malloc)
/home/kshitij/qorc/qorc-sdk/arm_toolchain_install/gcc-arm-none-eabi-9-2020-q2-update/bin/../lib/gcc/arm-none-eabi/9.3.1/../../../../arm-none-eabi/lib/thumb/v7e-m+fp/hard/libg_nano.a(lib_a-memcpy-stub.o)
                              /home/kshitij/qorc/qorc-sdk/qorc-onion-apps/qorc_fpga_breathectrl/GCC_Project/output/cli_args.o (memcpy)
[...]
Memory Configuration

Name             Origin             Length             Attributes
rom              0x0000000000000000 0x0000000000027000 xr
ram              0x0000000020027000 0x000000000003c800 xrw
*default*        0x0000000000000000 0xffffffffffffffff

Linker script and memory map

LOAD /home/kshitij/qorc/qorc-sdk/arm_toolchain_install/gcc-arm-none-eabi-9-2020-q2-update/bin/../lib/gcc/arm-none-eabi/9.3.1/thumb/v7e-m+fp/hard/crti.o
LOAD /home/kshitij/qorc/qorc-sdk/arm_toolchain_install/gcc-arm-none-eabi-9-2020-q2-update/bin/../lib/gcc/arm-none-eabi/9.3.1/thumb/v7e-m+fp/hard/crtbegin.o
LOAD /home/kshitij/qorc/qorc-sdk/arm_toolchain_install/gcc-arm-none-eabi-9-2020-q2-update/bin/../lib/gcc/arm-none-eabi/9.3.1/../../../../arm-none-eabi/lib/thumb/v7e-m+fp/hard/crt0.o
LOAD /home/kshitij/qorc/qorc-sdk/qorc-onion-apps/qorc_fpga_breathectrl/GCC_Project/output/c_lib_retarget.o
LOAD /home/kshitij/qorc/qorc-sdk/qorc-onion-apps/qorc_fpga_breathectrl/GCC_Project/output/circularBuffQueue.o
LOAD /home/kshitij/qorc/qorc-sdk/qorc-onion-apps/qorc_fpga_breathectrl/GCC_Project/output/cli_args.o
LOAD /home/kshitij/qorc/qorc-sdk/qorc-onion-apps/qorc_fpga_breathectrl/GCC_Project/output/cli_hexdump.o
LOAD /home/kshitij/qorc/qorc-sdk/qorc-onion-apps/qorc_fpga_breathectrl/GCC_Project/output/cli_io.o
LOAD /home/kshitij/qorc/qorc-sdk/qorc-onion-apps/qorc_fpga_breathectrl/GCC_Project/output/cli_loop.o
LOAD /home/kshitij/qorc/qorc-sdk/qorc-onion-apps/qorc_fpga_breathectrl/GCC_Project/output/cli_misc.o
LOAD /home/kshitij/qorc/qorc-sdk/qorc-onion-apps/qorc_fpga_breathectrl/GCC_Project/output/cli_platform.o
LOAD /home/kshitij/qorc/qorc-sdk/qorc-onion-apps/qorc_fpga_breathectrl/GCC_Project/output/cli_stdcmds.o
LOAD /home/kshitij/qorc/qorc-sdk/qorc-onion-apps/qorc_fpga_breathectrl/GCC_Project/output/crc16.o
LOAD /home/kshitij/qorc/qorc-sdk/qorc-onion-apps/qorc_fpga_breathectrl/GCC_Project/output/crc32.o
LOAD /home/kshitij/qorc/qorc-sdk/qorc-onion-apps/qorc_fpga_breathectrl/GCC_Project/output/croutine.o
LOAD /home/kshitij/qorc/qorc-sdk/qorc-onion-apps/qorc_fpga_breathectrl/GCC_Project/output/dbg_bufferedprinttask.o
LOAD /home/kshitij/qorc/qorc-sdk/qorc-onion-apps/qorc_fpga_breathectrl/GCC_Project/output/dbg_queue_monitor.o
LOAD /home/kshitij/qorc/qorc-sdk/qorc-onion-apps/qorc_fpga_breathectrl/GCC_Project/output/dbg_uart.o
LOAD /home/kshitij/qorc/qorc-sdk/qorc-onion-apps/qorc_fpga_breathectrl/GCC_Project/output/dbgtrace.o
LOAD /home/kshitij/qorc/qorc-sdk/qorc-onion-apps/qorc_fpga_breathectrl/GCC_Project/output/eoss3_hal_adc.o
LOAD /home/kshitij/qorc/qorc-sdk/qorc-onion-apps/qorc_fpga_breathectrl/GCC_Project/output/eoss3_hal_gpio.o
LOAD /home/kshitij/qorc/qorc-sdk/qorc-onion-apps/qorc_fpga_breathectrl/GCC_Project/output/eoss3_hal_i2c.o
LOAD /home/kshitij/qorc/qorc-sdk/qorc-onion-apps/qorc_fpga_breathectrl/GCC_Project/output/eoss3_hal_i2s.o
LOAD /home/kshitij/qorc/qorc-sdk/qorc-onion-apps/qorc_fpga_breathectrl/GCC_Project/output/eoss3_hal_i2s_slave_assp.o
LOAD /home/kshitij/qorc/qorc-sdk/qorc-onion-apps/qorc_fpga_breathectrl/GCC_Project/output/eoss3_hal_pad_config.o
LOAD /home/kshitij/qorc/qorc-sdk/qorc-onion-apps/qorc_fpga_breathectrl/GCC_Project/output/eoss3_hal_pkfb.o
LOAD /home/kshitij/qorc/qorc-sdk/qorc-onion-apps/qorc_fpga_breathectrl/GCC_Project/output/eoss3_hal_rtc.o
LOAD /home/kshitij/qorc/qorc-sdk/qorc-onion-apps/qorc_fpga_breathectrl/GCC_Project/output/eoss3_hal_sdma.o
LOAD /home/kshitij/qorc/qorc-sdk/qorc-onion-apps/qorc_fpga_breathectrl/GCC_Project/output/eoss3_hal_spi.o
LOAD /home/kshitij/qorc/qorc-sdk/qorc-onion-apps/qorc_fpga_breathectrl/GCC_Project/output/eoss3_hal_timer.o
LOAD /home/kshitij/qorc/qorc-sdk/qorc-onion-apps/qorc_fpga_breathectrl/GCC_Project/output/eoss3_hal_uart.o
LOAD /home/kshitij/qorc/qorc-sdk/qorc-onion-apps/qorc_fpga_breathectrl/GCC_Project/output/eoss3_hal_wb.o
LOAD /home/kshitij/qorc/qorc-sdk/qorc-onion-apps/qorc_fpga_breathectrl/GCC_Project/output/eoss3_hal_wdt.o
LOAD /home/kshitij/qorc/qorc-sdk/qorc-onion-apps/qorc_fpga_breathectrl/GCC_Project/output/event_groups.o
LOAD /home/kshitij/qorc/qorc-sdk/qorc-onion-apps/qorc_fpga_breathectrl/GCC_Project/output/exceptions.o
LOAD /home/kshitij/qorc/qorc-sdk/qorc-onion-apps/qorc_fpga_breathectrl/GCC_Project/output/freertos_static_memory.o
LOAD /home/kshitij/qorc/qorc-sdk/qorc-onion-apps/qorc_fpga_breathectrl/GCC_Project/output/hal_fpga_onion.o
LOAD /home/kshitij/qorc/qorc-sdk/qorc-onion-apps/qorc_fpga_breathectrl/GCC_Project/output/hal_fpga_onion_breathectrl.o
LOAD /home/kshitij/qorc/qorc-sdk/qorc-onion-apps/qorc_fpga_breathectrl/GCC_Project/output/heap_4.o
LOAD /home/kshitij/qorc/qorc-sdk/qorc-onion-apps/qorc_fpga_breathectrl/GCC_Project/output/hearable_pwrcfg.o
LOAD /home/kshitij/qorc/qorc-sdk/qorc-onion-apps/qorc_fpga_breathectrl/GCC_Project/output/list.o
LOAD /home/kshitij/qorc/qorc-sdk/qorc-onion-apps/qorc_fpga_breathectrl/GCC_Project/output/main.o
LOAD /home/kshitij/qorc/qorc-sdk/qorc-onion-apps/qorc_fpga_breathectrl/GCC_Project/output/main_dbg_cli_menu.o
LOAD /home/kshitij/qorc/qorc-sdk/qorc-onion-apps/qorc_fpga_breathectrl/GCC_Project/output/pincfg_table.o
LOAD /home/kshitij/qorc/qorc-sdk/qorc-onion-apps/qorc_fpga_breathectrl/GCC_Project/output/port.o
LOAD /home/kshitij/qorc/qorc-sdk/qorc-onion-apps/qorc_fpga_breathectrl/GCC_Project/output/ql_base64.o
LOAD /home/kshitij/qorc/qorc-sdk/qorc-onion-apps/qorc_fpga_breathectrl/GCC_Project/output/ql_stackwatermark.o
LOAD /home/kshitij/qorc/qorc-sdk/qorc-onion-apps/qorc_fpga_breathectrl/GCC_Project/output/ql_test_signals.o
LOAD /home/kshitij/qorc/qorc-sdk/qorc-onion-apps/qorc_fpga_breathectrl/GCC_Project/output/ql_time.o
LOAD /home/kshitij/qorc/qorc-sdk/qorc-onion-apps/qorc_fpga_breathectrl/GCC_Project/output/qorc_hardwaresetup.o
LOAD /home/kshitij/qorc/qorc-sdk/qorc-onion-apps/qorc_fpga_breathectrl/GCC_Project/output/queue.o
LOAD /home/kshitij/qorc/qorc-sdk/qorc-onion-apps/qorc_fpga_breathectrl/GCC_Project/output/s3x_clock.o
LOAD /home/kshitij/qorc/qorc-sdk/qorc-onion-apps/qorc_fpga_breathectrl/GCC_Project/output/s3x_clock_hal.o
LOAD /home/kshitij/qorc/qorc-sdk/qorc-onion-apps/qorc_fpga_breathectrl/GCC_Project/output/s3x_cpuload.o
LOAD /home/kshitij/qorc/qorc-sdk/qorc-onion-apps/qorc_fpga_breathectrl/GCC_Project/output/s3x_dfs.o
LOAD /home/kshitij/qorc/qorc-sdk/qorc-onion-apps/qorc_fpga_breathectrl/GCC_Project/output/s3x_lpm.o
LOAD /home/kshitij/qorc/qorc-sdk/qorc-onion-apps/qorc_fpga_breathectrl/GCC_Project/output/s3x_pi.o
LOAD /home/kshitij/qorc/qorc-sdk/qorc-onion-apps/qorc_fpga_breathectrl/GCC_Project/output/s3x_pwrcfg.o
LOAD /home/kshitij/qorc/qorc-sdk/qorc-onion-apps/qorc_fpga_breathectrl/GCC_Project/output/s3x_qos.o
LOAD /home/kshitij/qorc/qorc-sdk/qorc-onion-apps/qorc_fpga_breathectrl/GCC_Project/output/sec_debug.o
LOAD /home/kshitij/qorc/qorc-sdk/qorc-onion-apps/qorc_fpga_breathectrl/GCC_Project/output/spi_flash.o
LOAD /home/kshitij/qorc/qorc-sdk/qorc-onion-apps/qorc_fpga_breathectrl/GCC_Project/output/startup_EOSS3B_GCC.o
LOAD /home/kshitij/qorc/qorc-sdk/qorc-onion-apps/qorc_fpga_breathectrl/GCC_Project/output/stream_buffer.o
LOAD /home/kshitij/qorc/qorc-sdk/qorc-onion-apps/qorc_fpga_breathectrl/GCC_Project/output/tasks.o
LOAD /home/kshitij/qorc/qorc-sdk/qorc-onion-apps/qorc_fpga_breathectrl/GCC_Project/output/timers.o
LOAD /home/kshitij/qorc/qorc-sdk/qorc-onion-apps/qorc_fpga_breathectrl/GCC_Project/output/vectors_CM4F_gcc.o
LOAD /home/kshitij/qorc/qorc-sdk/qorc-onion-apps/qorc_fpga_breathectrl/GCC_Project/output/watchdog.o
LOAD /home/kshitij/qorc/qorc-sdk/arm_toolchain_install/gcc-arm-none-eabi-9-2020-q2-update/bin/../lib/gcc/arm-none-eabi/9.3.1/../../../../arm-none-eabi/lib/thumb/v7e-m+fp/hard/libm.a
LOAD /home/kshitij/qorc/qorc-sdk/qorc-onion-apps/qorc_fpga_breathectrl/GCC_Project/../../../Libraries/CMSIS/lib/GCC/libarm_cortexM4lf_math.a
START GROUP
LOAD /home/kshitij/qorc/qorc-sdk/arm_toolchain_install/gcc-arm-none-eabi-9-2020-q2-update/bin/../lib/gcc/arm-none-eabi/9.3.1/thumb/v7e-m+fp/hard/libgcc.a
LOAD /home/kshitij/qorc/qorc-sdk/arm_toolchain_install/gcc-arm-none-eabi-9-2020-q2-update/bin/../lib/gcc/arm-none-eabi/9.3.1/../../../../arm-none-eabi/lib/thumb/v7e-m+fp/hard/libg_nano.a
LOAD /home/kshitij/qorc/qorc-sdk/arm_toolchain_install/gcc-arm-none-eabi-9-2020-q2-update/bin/../lib/gcc/arm-none-eabi/9.3.1/../../../../arm-none-eabi/lib/thumb/v7e-m+fp/hard/libc_nano.a
END GROUP
START GROUP
LOAD /home/kshitij/qorc/qorc-sdk/arm_toolchain_install/gcc-arm-none-eabi-9-2020-q2-update/bin/../lib/gcc/arm-none-eabi/9.3.1/thumb/v7e-m+fp/hard/libgcc.a
LOAD /home/kshitij/qorc/qorc-sdk/arm_toolchain_install/gcc-arm-none-eabi-9-2020-q2-update/bin/../lib/gcc/arm-none-eabi/9.3.1/../../../../arm-none-eabi/lib/thumb/v7e-m+fp/hard/libc_nano.a
LOAD /home/kshitij/qorc/qorc-sdk/arm_toolchain_install/gcc-arm-none-eabi-9-2020-q2-update/bin/../lib/gcc/arm-none-eabi/9.3.1/../../../../arm-none-eabi/lib/thumb/v7e-m+fp/hard/libnosys.a
END GROUP
START GROUP
LOAD /home/kshitij/qorc/qorc-sdk/arm_toolchain_install/gcc-arm-none-eabi-9-2020-q2-update/bin/../lib/gcc/arm-none-eabi/9.3.1/thumb/v7e-m+fp/hard/libgcc.a
LOAD /home/kshitij/qorc/qorc-sdk/arm_toolchain_install/gcc-arm-none-eabi-9-2020-q2-update/bin/../lib/gcc/arm-none-eabi/9.3.1/../../../../arm-none-eabi/lib/thumb/v7e-m+fp/hard/libc_nano.a
LOAD /home/kshitij/qorc/qorc-sdk/arm_toolchain_install/gcc-arm-none-eabi-9-2020-q2-update/bin/../lib/gcc/arm-none-eabi/9.3.1/../../../../arm-none-eabi/lib/thumb/v7e-m+fp/hard/libnosys.a
END GROUP
LOAD /home/kshitij/qorc/qorc-sdk/arm_toolchain_install/gcc-arm-none-eabi-9-2020-q2-update/bin/../lib/gcc/arm-none-eabi/9.3.1/thumb/v7e-m+fp/hard/crtend.o
LOAD /home/kshitij/qorc/qorc-sdk/arm_toolchain_install/gcc-arm-none-eabi-9-2020-q2-update/bin/../lib/gcc/arm-none-eabi/9.3.1/thumb/v7e-m+fp/hard/crtn.o

.text           0x0000000000000000     0x87ef
 *(.isr_vector)
 .isr_vector    0x0000000000000000      0x124 /home/kshitij/qorc/qorc-sdk/qorc-onion-apps/qorc_fpga_breathectrl/GCC_Project/output/vectors_CM4F_gcc.o
                0x0000000000000000                __Vectors
 *(.text*)
 .text          0x0000000000000124       0x40 /home/kshitij/qorc/qorc-sdk/arm_toolchain_install/gcc-arm-none-eabi-9-2020-q2-update/bin/../lib/gcc/arm-none-eabi/9.3.1/thumb/v7e-m+fp/hard/crtbegin.o
 .text          0x0000000000000164       0x7c /home/kshitij/qorc/qorc-sdk/arm_toolchain_install/gcc-arm-none-eabi-9-2020-q2-update/bin/../lib/gcc/arm-none-eabi/9.3.1/../../../../arm-none-eabi/lib/thumb/v7e-m+fp/hard/crt0.o
                0x0000000000000164                _stack_init
                0x000000000000016c                _mainCRTStartup
                0x000000000000016c                _start
 .text._write   0x00000000000001e0        0xe /home/kshitij/qorc/qorc-sdk/qorc-onion-apps/qorc_fpga_breathectrl/GCC_Project/output/c_lib_retarget.o
                0x00000000000001e0                _write
 .text._close   0x00000000000001ee        0x6 /home/kshitij/qorc/qorc-sdk/qorc-onion-apps/qorc_fpga_breathectrl/GCC_Project/output/c_lib_retarget.o
                0x00000000000001ee                _close
 .text._lseek   0x00000000000001f4        0x4 /home/kshitij/qorc/qorc-sdk/qorc-onion-apps/qorc_fpga_breathectrl/GCC_Project/output/c_lib_retarget.o
                0x00000000000001f4                _lseek
 .text._read    0x00000000000001f8        0x4 /home/kshitij/qorc/qorc-sdk/qorc-onion-apps/qorc_fpga_breathectrl/GCC_Project/output/c_lib_retarget.o
                0x00000000000001f8                _read
 .text.do_str_fetch
                0x00000000000001fc       0x38 /home/kshitij/qorc/qorc-sdk/qorc-onion-apps/qorc_fpga_breathectrl/GCC_Project/output/cli_args.o
 .text.CLI_string_ptr_get_subcmd
                0x0000000000000234       0x20 /home/kshitij/qorc/qorc-sdk/qorc-onion-apps/qorc_fpga_breathectrl/GCC_Project/output/cli_args.o
                0x0000000000000234                CLI_string_ptr_get_subcmd
 .text.CLI_numX_getshow_X
                0x0000000000000254      0x188 /home/kshitij/qorc/qorc-sdk/qorc-onion-apps/qorc_fpga_breathectrl/GCC_Project/output/cli_args.o
                0x0000000000000254                CLI_numX_getshow_X
 .text.CLI_uint8_getshow
                0x00000000000003dc        0x8 /home/kshitij/qorc/qorc-sdk/qorc-onion-apps/qorc_fpga_breathectrl/GCC_Project/output/cli_args.o
                0x00000000000003dc                CLI_uint8_getshow
 .text.CLI_uint32_getshow
                0x00000000000003e4        0x8 /home/kshitij/qorc/qorc-sdk/qorc-onion-apps/qorc_fpga_breathectrl/GCC_Project/output/cli_args.o
                0x00000000000003e4                CLI_uint32_getshow
 .text.append_key
                0x00000000000003ec       0x30 /home/kshitij/qorc/qorc-sdk/qorc-onion-apps/qorc_fpga_breathectrl/GCC_Project/output/cli_io.o
 .text.get_key_ignore_null
                0x000000000000041c       0x18 /home/kshitij/qorc/qorc-sdk/qorc-onion-apps/qorc_fpga_breathectrl/GCC_Project/output/cli_io.o
 .text.CLI_getkey_peek
                0x0000000000000434      0x110 /home/kshitij/qorc/qorc-sdk/qorc-onion-apps/qorc_fpga_breathectrl/GCC_Project/output/cli_io.o
                0x0000000000000434                CLI_getkey_peek
 .text.CLI_getkey
                0x0000000000000544       0x30 /home/kshitij/qorc/qorc-sdk/qorc-onion-apps/qorc_fpga_breathectrl/GCC_Project/output/cli_io.o
                0x0000000000000544                CLI_getkey
 .text.CLI_col0_timestamp
                0x0000000000000574       0x78 /home/kshitij/qorc/qorc-sdk/qorc-onion-apps/qorc_fpga_breathectrl/GCC_Project/output/cli_io.o
                0x0000000000000574                CLI_col0_timestamp
 .text.CLI_putc
                0x00000000000005ec       0x4c /home/kshitij/qorc/qorc-sdk/qorc-onion-apps/qorc_fpga_breathectrl/GCC_Project/output/cli_io.o
                0x00000000000005ec                CLI_putc
 .text.CLI_puts_no_nl
                0x0000000000000638       0x12 /home/kshitij/qorc/qorc-sdk/qorc-onion-apps/qorc_fpga_breathectrl/GCC_Project/output/cli_io.o
                0x0000000000000638                CLI_puts_no_nl
 *fill*         0x000000000000064a        0x2 
 .text.CLI_vprintf
                0x000000000000064c       0x24 /home/kshitij/qorc/qorc-sdk/qorc-onion-apps/qorc_fpga_breathectrl/GCC_Project/output/cli_io.o
                0x000000000000064c                CLI_vprintf
 .text.CLI_printf
                0x0000000000000670       0x1a /home/kshitij/qorc/qorc-sdk/qorc-onion-apps/qorc_fpga_breathectrl/GCC_Project/output/cli_io.o
                0x0000000000000670                CLI_printf
 *fill*         0x000000000000068a        0x2 
 .text.handle_help
                0x000000000000068c       0xc4 /home/kshitij/qorc/qorc-sdk/qorc-onion-apps/qorc_fpga_breathectrl/GCC_Project/output/cli_loop.o
 .text.CLI_cmd_stack_replace
                0x0000000000000750       0x10 /home/kshitij/qorc/qorc-sdk/qorc-onion-apps/qorc_fpga_breathectrl/GCC_Project/output/cli_loop.o
                0x0000000000000750                CLI_cmd_stack_replace
 .text.CLI_cmd_stack_push
                0x0000000000000760       0x30 /home/kshitij/qorc/qorc-sdk/qorc-onion-apps/qorc_fpga_breathectrl/GCC_Project/output/cli_loop.o
                0x0000000000000760                CLI_cmd_stack_push
 .text.CLI_cmd_stack_clear
                0x0000000000000790       0x24 /home/kshitij/qorc/qorc-sdk/qorc-onion-apps/qorc_fpga_breathectrl/GCC_Project/output/cli_loop.o
                0x0000000000000790                CLI_cmd_stack_clear
 .text.CLI_cmd_stack_pop
                0x00000000000007b4       0x40 /home/kshitij/qorc/qorc-sdk/qorc-onion-apps/qorc_fpga_breathectrl/GCC_Project/output/cli_loop.o
                0x00000000000007b4                CLI_cmd_stack_pop
 .text.handle_exit
                0x00000000000007f4       0x1c /home/kshitij/qorc/qorc-sdk/qorc-onion-apps/qorc_fpga_breathectrl/GCC_Project/output/cli_loop.o
 .text.CLI_init
                0x0000000000000810       0x24 /home/kshitij/qorc/qorc-sdk/qorc-onion-apps/qorc_fpga_breathectrl/GCC_Project/output/cli_loop.o
                0x0000000000000810                CLI_init
 .text.CLI_print_prompt
                0x0000000000000834       0x44 /home/kshitij/qorc/qorc-sdk/qorc-onion-apps/qorc_fpga_breathectrl/GCC_Project/output/cli_loop.o
                0x0000000000000834                CLI_print_prompt
 .text.CLI_dispatch_subcmd
                0x0000000000000878       0x84 /home/kshitij/qorc/qorc-sdk/qorc-onion-apps/qorc_fpga_breathectrl/GCC_Project/output/cli_loop.o
                0x0000000000000878                CLI_dispatch_subcmd
 .text.CLI_dispatch
                0x00000000000008fc       0xc0 /home/kshitij/qorc/qorc-sdk/qorc-onion-apps/qorc_fpga_breathectrl/GCC_Project/output/cli_loop.o
 .text.CLI_submenu_handler
                0x00000000000009bc       0x30 /home/kshitij/qorc/qorc-sdk/qorc-onion-apps/qorc_fpga_breathectrl/GCC_Project/output/cli_loop.o
                0x00000000000009bc                CLI_submenu_handler
 .text.CLI_verror
                0x00000000000009ec       0x40 /home/kshitij/qorc/qorc-sdk/qorc-onion-apps/qorc_fpga_breathectrl/GCC_Project/output/cli_loop.o
                0x00000000000009ec                CLI_verror
 .text.CLI_rx_byte
                0x0000000000000a2c       0xec /home/kshitij/qorc/qorc-sdk/qorc-onion-apps/qorc_fpga_breathectrl/GCC_Project/output/cli_loop.o
                0x0000000000000a2c                CLI_rx_byte
 .text.CLI_is_more_args
                0x0000000000000b18       0x14 /home/kshitij/qorc/qorc-sdk/qorc-onion-apps/qorc_fpga_breathectrl/GCC_Project/output/cli_misc.o
                0x0000000000000b18                CLI_is_more_args
 .text.CLI_error
                0x0000000000000b2c       0x1a /home/kshitij/qorc/qorc-sdk/qorc-onion-apps/qorc_fpga_breathectrl/GCC_Project/output/cli_misc.o
                0x0000000000000b2c                CLI_error
 *fill*         0x0000000000000b46        0x2 
 .text.CLI_error_missing_parameter
                0x0000000000000b48        0xc /home/kshitij/qorc/qorc-sdk/qorc-onion-apps/qorc_fpga_breathectrl/GCC_Project/output/cli_misc.o
                0x0000000000000b48                CLI_error_missing_parameter
 .text.CLI_error_not_a_number
                0x0000000000000b54       0x10 /home/kshitij/qorc/qorc-sdk/qorc-onion-apps/qorc_fpga_breathectrl/GCC_Project/output/cli_misc.o
                0x0000000000000b54                CLI_error_not_a_number
 .text.CLI_task
                0x0000000000000b64       0x54 /home/kshitij/qorc/qorc-sdk/qorc-onion-apps/qorc_fpga_breathectrl/GCC_Project/output/cli_platform.o
                0x0000000000000b64                CLI_task
 .text.CLI_time_now
                0x0000000000000bb8        0x4 /home/kshitij/qorc/qorc-sdk/qorc-onion-apps/qorc_fpga_breathectrl/GCC_Project/output/cli_platform.o
                0x0000000000000bb8                CLI_time_now
 .text.CLI_beep
                0x0000000000000bbc        0x6 /home/kshitij/qorc/qorc-sdk/qorc-onion-apps/qorc_fpga_breathectrl/GCC_Project/output/cli_platform.o
                0x0000000000000bbc                CLI_beep
 .text.CLI_timeout_expired
                0x0000000000000bc2       0x22 /home/kshitij/qorc/qorc-sdk/qorc-onion-apps/qorc_fpga_breathectrl/GCC_Project/output/cli_platform.o
                0x0000000000000bc2                CLI_timeout_expired
 .text.CLI_putc_raw
                0x0000000000000be4        0x8 /home/kshitij/qorc/qorc-sdk/qorc-onion-apps/qorc_fpga_breathectrl/GCC_Project/output/cli_platform.o
                0x0000000000000be4                CLI_putc_raw
 .text.CLI_getkey_raw
                0x0000000000000bec       0x3c /home/kshitij/qorc/qorc-sdk/qorc-onion-apps/qorc_fpga_breathectrl/GCC_Project/output/cli_platform.o
                0x0000000000000bec                CLI_getkey_raw
 .text.CLI_start_task
                0x0000000000000c28       0x58 /home/kshitij/qorc/qorc-sdk/qorc-onion-apps/qorc_fpga_breathectrl/GCC_Project/output/cli_platform.o
                0x0000000000000c28                CLI_start_task
 .text.__debug_lockup
                0x0000000000000c80       0x14 /home/kshitij/qorc/qorc-sdk/qorc-onion-apps/qorc_fpga_breathectrl/GCC_Project/output/dbg_uart.o
 .text._semihost_write
                0x0000000000000c94       0x54 /home/kshitij/qorc/qorc-sdk/qorc-onion-apps/qorc_fpga_breathectrl/GCC_Project/output/dbg_uart.o
                0x0000000000000c94                _semihost_write
 .text.dbg_ch_raw
                0x0000000000000ce8       0x74 /home/kshitij/qorc/qorc-sdk/qorc-onion-apps/qorc_fpga_breathectrl/GCC_Project/output/dbg_uart.o
                0x0000000000000ce8                dbg_ch_raw
 .text.dbg_nl   0x0000000000000d5c       0x12 /home/kshitij/qorc/qorc-sdk/qorc-onion-apps/qorc_fpga_breathectrl/GCC_Project/output/dbg_uart.o
                0x0000000000000d5c                dbg_nl
 .text.dbg_ch   0x0000000000000d6e        0xc /home/kshitij/qorc/qorc-sdk/qorc-onion-apps/qorc_fpga_breathectrl/GCC_Project/output/dbg_uart.o
                0x0000000000000d6e                dbg_ch
 .text.dbg_hex4
                0x0000000000000d7a       0x14 /home/kshitij/qorc/qorc-sdk/qorc-onion-apps/qorc_fpga_breathectrl/GCC_Project/output/dbg_uart.o
 .text.dbg_hex8
                0x0000000000000d8e       0x14 /home/kshitij/qorc/qorc-sdk/qorc-onion-apps/qorc_fpga_breathectrl/GCC_Project/output/dbg_uart.o
                0x0000000000000d8e                dbg_hex8
 .text.dbg_hex16
                0x0000000000000da2       0x14 /home/kshitij/qorc/qorc-sdk/qorc-onion-apps/qorc_fpga_breathectrl/GCC_Project/output/dbg_uart.o
                0x0000000000000da2                dbg_hex16
 .text.dbg_hex32
                0x0000000000000db6       0x14 /home/kshitij/qorc/qorc-sdk/qorc-onion-apps/qorc_fpga_breathectrl/GCC_Project/output/dbg_uart.o
                0x0000000000000db6                dbg_hex32
 .text._dbg_int
                0x0000000000000dca       0x20 /home/kshitij/qorc/qorc-sdk/qorc-onion-apps/qorc_fpga_breathectrl/GCC_Project/output/dbg_uart.o
 .text.dbg_memdumpx
                0x0000000000000dea       0xea /home/kshitij/qorc/qorc-sdk/qorc-onion-apps/qorc_fpga_breathectrl/GCC_Project/output/dbg_uart.o
 .text.dbg_str  0x0000000000000ed4       0x84 /home/kshitij/qorc/qorc-sdk/qorc-onion-apps/qorc_fpga_breathectrl/GCC_Project/output/dbg_uart.o
                0x0000000000000ed4                dbg_str
 .text._dbg_str_xxx
                0x0000000000000f58       0x16 /home/kshitij/qorc/qorc-sdk/qorc-onion-apps/qorc_fpga_breathectrl/GCC_Project/output/dbg_uart.o
 .text.dbg_str_hexXX
                0x0000000000000f6e       0x22 /home/kshitij/qorc/qorc-sdk/qorc-onion-apps/qorc_fpga_breathectrl/GCC_Project/output/dbg_uart.o
 .text.dbg_int  0x0000000000000f90       0x24 /home/kshitij/qorc/qorc-sdk/qorc-onion-apps/qorc_fpga_breathectrl/GCC_Project/output/dbg_uart.o
                0x0000000000000f90                dbg_int
 .text.dbg_str_str
                0x0000000000000fb4       0x16 /home/kshitij/qorc/qorc-sdk/qorc-onion-apps/qorc_fpga_breathectrl/GCC_Project/output/dbg_uart.o
                0x0000000000000fb4                dbg_str_str
 .text.dbg_str_int
                0x0000000000000fca       0x16 /home/kshitij/qorc/qorc-sdk/qorc-onion-apps/qorc_fpga_breathectrl/GCC_Project/output/dbg_uart.o
                0x0000000000000fca                dbg_str_int
 .text.dbg_str_int_noln
                0x0000000000000fe0       0x12 /home/kshitij/qorc/qorc-sdk/qorc-onion-apps/qorc_fpga_breathectrl/GCC_Project/output/dbg_uart.o
                0x0000000000000fe0                dbg_str_int_noln
 *fill*         0x0000000000000ff2        0x2 
 .text.dbg_str_hex32
                0x0000000000000ff4        0xc /home/kshitij/qorc/qorc-sdk/qorc-onion-apps/qorc_fpga_breathectrl/GCC_Project/output/dbg_uart.o
                0x0000000000000ff4                dbg_str_hex32
 .text.dbg_fatal_error
                0x0000000000001000       0x12 /home/kshitij/qorc/qorc-sdk/qorc-onion-apps/qorc_fpga_breathectrl/GCC_Project/output/dbg_uart.o
                0x0000000000001000                dbg_fatal_error
 .text.dbg_fatal_error_int
                0x0000000000001012        0xe /home/kshitij/qorc/qorc-sdk/qorc-onion-apps/qorc_fpga_breathectrl/GCC_Project/output/dbg_uart.o
                0x0000000000001012                dbg_fatal_error_int
 .text.dbg_memdump32
                0x0000000000001020       0x1e /home/kshitij/qorc/qorc-sdk/qorc-onion-apps/qorc_fpga_breathectrl/GCC_Project/output/dbg_uart.o
                0x0000000000001020                dbg_memdump32
 *fill*         0x000000000000103e        0x2 
 .text.HAL_PAD_Config
                0x0000000000001040      0x190 /home/kshitij/qorc/qorc-sdk/qorc-onion-apps/qorc_fpga_breathectrl/GCC_Project/output/eoss3_hal_pad_config.o
                0x0000000000001040                HAL_PAD_Config
 .text.configure_s3_pads
                0x00000000000011d0       0x1a /home/kshitij/qorc/qorc-sdk/qorc-onion-apps/qorc_fpga_breathectrl/GCC_Project/output/eoss3_hal_pad_config.o
                0x00000000000011d0                configure_s3_pads
 *fill*         0x00000000000011ea        0x2 
 .text.eoss3_rtc_enable_irq
                0x00000000000011ec       0x28 /home/kshitij/qorc/qorc-sdk/qorc-onion-apps/qorc_fpga_breathectrl/GCC_Project/output/eoss3_hal_rtc.o
 .text.write_rtc_reg
                0x0000000000001214       0x18 /home/kshitij/qorc/qorc-sdk/qorc-onion-apps/qorc_fpga_breathectrl/GCC_Project/output/eoss3_hal_rtc.o
 .text.__rtc_setup_alarm.isra.0
                0x000000000000122c       0x44 /home/kshitij/qorc/qorc-sdk/qorc-onion-apps/qorc_fpga_breathectrl/GCC_Project/output/eoss3_hal_rtc.o
 .text.HAL_RTC_ISR
                0x0000000000001270       0x24 /home/kshitij/qorc/qorc-sdk/qorc-onion-apps/qorc_fpga_breathectrl/GCC_Project/output/eoss3_hal_rtc.o
                0x0000000000001270                HAL_RTC_ISR
 .text.unlock_spi1_bus
                0x0000000000001294       0x58 /home/kshitij/qorc/qorc-sdk/qorc-onion-apps/qorc_fpga_breathectrl/GCC_Project/output/eoss3_hal_spi.o
                0x0000000000001294                unlock_spi1_bus
 .text.SPI_DMA_Complete
                0x00000000000012ec       0x88 /home/kshitij/qorc/qorc-sdk/qorc-onion-apps/qorc_fpga_breathectrl/GCC_Project/output/eoss3_hal_spi.o
                0x00000000000012ec                SPI_DMA_Complete
 .text.HAL_SPI_IRQHandler
                0x0000000000001374       0x6c /home/kshitij/qorc/qorc-sdk/qorc-onion-apps/qorc_fpga_breathectrl/GCC_Project/output/eoss3_hal_spi.o
                0x0000000000001374                HAL_SPI_IRQHandler
 .text.HAL_Delay_Init
                0x00000000000013e0       0x54 /home/kshitij/qorc/qorc-sdk/qorc-onion-apps/qorc_fpga_breathectrl/GCC_Project/output/eoss3_hal_timer.o
                0x00000000000013e0                HAL_Delay_Init
 .text.HAL_Timer_ISR
                0x0000000000001434       0x88 /home/kshitij/qorc/qorc-sdk/qorc-onion-apps/qorc_fpga_breathectrl/GCC_Project/output/eoss3_hal_timer.o
                0x0000000000001434                HAL_Timer_ISR
 .text.uart_disable_irqs
                0x00000000000014bc       0x18 /home/kshitij/qorc/qorc-sdk/qorc-onion-apps/qorc_fpga_breathectrl/GCC_Project/output/eoss3_hal_uart.o
 .text.uart_baud_rate
                0x00000000000014d4       0x60 /home/kshitij/qorc/qorc-sdk/qorc-onion-apps/qorc_fpga_breathectrl/GCC_Project/output/eoss3_hal_uart.o
 .text.is_hw_uart_enabled
                0x0000000000001534       0x20 /home/kshitij/qorc/qorc-sdk/qorc-onion-apps/qorc_fpga_breathectrl/GCC_Project/output/eoss3_hal_uart.o
 .text.uart_lpm_callback
                0x0000000000001554       0x74 /home/kshitij/qorc/qorc-sdk/qorc-onion-apps/qorc_fpga_breathectrl/GCC_Project/output/eoss3_hal_uart.o
 .text.uart_init
                0x00000000000015c8      0x164 /home/kshitij/qorc/qorc-sdk/qorc-onion-apps/qorc_fpga_breathectrl/GCC_Project/output/eoss3_hal_uart.o
                0x00000000000015c8                uart_init
 .text.uart_isr_handler
                0x000000000000172c       0x90 /home/kshitij/qorc/qorc-sdk/qorc-onion-apps/qorc_fpga_breathectrl/GCC_Project/output/eoss3_hal_uart.o
                0x000000000000172c                uart_isr_handler
 .text.uart_tx_raw
                0x00000000000017bc       0x38 /home/kshitij/qorc/qorc-sdk/qorc-onion-apps/qorc_fpga_breathectrl/GCC_Project/output/eoss3_hal_uart.o
                0x00000000000017bc                uart_tx_raw
 .text.uart_tx  0x00000000000017f4       0x1c /home/kshitij/qorc/qorc-sdk/qorc-onion-apps/qorc_fpga_breathectrl/GCC_Project/output/eoss3_hal_uart.o
                0x00000000000017f4                uart_tx
 .text.uart_tx_buf
                0x0000000000001810       0x1a /home/kshitij/qorc/qorc-sdk/qorc-onion-apps/qorc_fpga_breathectrl/GCC_Project/output/eoss3_hal_uart.o
                0x0000000000001810                uart_tx_buf
 *fill*         0x000000000000182a        0x2 
 .text.uart_rx_wait
                0x000000000000182c       0x34 /home/kshitij/qorc/qorc-sdk/qorc-onion-apps/qorc_fpga_breathectrl/GCC_Project/output/eoss3_hal_uart.o
                0x000000000000182c                uart_rx_wait
 .text.uart_rx_available
                0x0000000000001860       0x34 /home/kshitij/qorc/qorc-sdk/qorc-onion-apps/qorc_fpga_breathectrl/GCC_Project/output/eoss3_hal_uart.o
                0x0000000000001860                uart_rx_available
 .text.uart_rx  0x0000000000001894       0x60 /home/kshitij/qorc/qorc-sdk/qorc-onion-apps/qorc_fpga_breathectrl/GCC_Project/output/eoss3_hal_uart.o
                0x0000000000001894                uart_rx
 .text.WDT_ISR  0x00000000000018f4       0x8c /home/kshitij/qorc/qorc-sdk/qorc-onion-apps/qorc_fpga_breathectrl/GCC_Project/output/eoss3_hal_wdt.o
                0x00000000000018f4                WDT_ISR
 .text.spurious_interrupt
                0x0000000000001980        0xc /home/kshitij/qorc/qorc-sdk/qorc-onion-apps/qorc_fpga_breathectrl/GCC_Project/output/exceptions.o
 .text.prvGetRegistersFromStack
                0x000000000000198c       0xf0 /home/kshitij/qorc/qorc-sdk/qorc-onion-apps/qorc_fpga_breathectrl/GCC_Project/output/exceptions.o
                0x000000000000198c                prvGetRegistersFromStack
 .text.HardFault_Handler
                0x0000000000001a7c       0x16 /home/kshitij/qorc/qorc-sdk/qorc-onion-apps/qorc_fpga_breathectrl/GCC_Project/output/exceptions.o
                0x0000000000001a7c                HardFault_Handler
 .text.NMI_Handler
                0x0000000000001a92        0x6 /home/kshitij/qorc/qorc-sdk/qorc-onion-apps/qorc_fpga_breathectrl/GCC_Project/output/exceptions.o
                0x0000000000001a92                NMI_Handler
 .text.MemManage_Handler
                0x0000000000001a98        0x6 /home/kshitij/qorc/qorc-sdk/qorc-onion-apps/qorc_fpga_breathectrl/GCC_Project/output/exceptions.o
                0x0000000000001a98                MemManage_Handler
 .text.BusFault_Handler
                0x0000000000001a9e        0x6 /home/kshitij/qorc/qorc-sdk/qorc-onion-apps/qorc_fpga_breathectrl/GCC_Project/output/exceptions.o
                0x0000000000001a9e                BusFault_Handler
 .text.UsageFault_Handler
                0x0000000000001aa4        0x6 /home/kshitij/qorc/qorc-sdk/qorc-onion-apps/qorc_fpga_breathectrl/GCC_Project/output/exceptions.o
                0x0000000000001aa4                UsageFault_Handler
 .text.DebugMon_Handler
                0x0000000000001aaa        0x6 /home/kshitij/qorc/qorc-sdk/qorc-onion-apps/qorc_fpga_breathectrl/GCC_Project/output/exceptions.o
                0x0000000000001aaa                DebugMon_Handler
 .text.Uart_Handler
                0x0000000000001ab0       0x50 /home/kshitij/qorc/qorc-sdk/qorc-onion-apps/qorc_fpga_breathectrl/GCC_Project/output/exceptions.o
                0x0000000000001ab0                Uart_Handler
 .text.Timer_Handler
                0x0000000000001b00       0x24 /home/kshitij/qorc/qorc-sdk/qorc-onion-apps/qorc_fpga_breathectrl/GCC_Project/output/exceptions.o
                0x0000000000001b00                Timer_Handler
 .text.CpuWdtInt_Handler
                0x0000000000001b24       0x24 /home/kshitij/qorc/qorc-sdk/qorc-onion-apps/qorc_fpga_breathectrl/GCC_Project/output/exceptions.o
                0x0000000000001b24                CpuWdtInt_Handler
 .text.CpuWdtRst_Handler
                0x0000000000001b48        0x6 /home/kshitij/qorc/qorc-sdk/qorc-onion-apps/qorc_fpga_breathectrl/GCC_Project/output/exceptions.o
                0x0000000000001b48                CpuWdtRst_Handler
 .text.BusTimeout_Handler
                0x0000000000001b4e        0x6 /home/kshitij/qorc/qorc-sdk/qorc-onion-apps/qorc_fpga_breathectrl/GCC_Project/output/exceptions.o
                0x0000000000001b4e                BusTimeout_Handler
 .text.Fpu_Handler
                0x0000000000001b54        0x6 /home/kshitij/qorc/qorc-sdk/qorc-onion-apps/qorc_fpga_breathectrl/GCC_Project/output/exceptions.o
                0x0000000000001b54                Fpu_Handler
 *fill*         0x0000000000001b5a        0x2 
 .text.Pkfb_Handler
                0x0000000000001b5c       0x10 /home/kshitij/qorc/qorc-sdk/qorc-onion-apps/qorc_fpga_breathectrl/GCC_Project/output/exceptions.o
                0x0000000000001b5c                Pkfb_Handler
 .text.I2s_Handler
                0x0000000000001b6c        0x6 /home/kshitij/qorc/qorc-sdk/qorc-onion-apps/qorc_fpga_breathectrl/GCC_Project/output/exceptions.o
                0x0000000000001b6c                I2s_Handler
 .text.Audio_Handler
                0x0000000000001b72        0x6 /home/kshitij/qorc/qorc-sdk/qorc-onion-apps/qorc_fpga_breathectrl/GCC_Project/output/exceptions.o
                0x0000000000001b72                Audio_Handler
 .text.SpiMs_Handler
                0x0000000000001b78       0x5c /home/kshitij/qorc/qorc-sdk/qorc-onion-apps/qorc_fpga_breathectrl/GCC_Project/output/exceptions.o
                0x0000000000001b78                SpiMs_Handler
 .text.CfgDma_Handler
                0x0000000000001bd4       0x28 /home/kshitij/qorc/qorc-sdk/qorc-onion-apps/qorc_fpga_breathectrl/GCC_Project/output/exceptions.o
                0x0000000000001bd4                CfgDma_Handler
 .text.PmuTimer_Handler
                0x0000000000001bfc        0x2 /home/kshitij/qorc/qorc-sdk/qorc-onion-apps/qorc_fpga_breathectrl/GCC_Project/output/exceptions.o
                0x0000000000001bfc                PmuTimer_Handler
 .text.AdcDone_Handler
                0x0000000000001bfe        0x8 /home/kshitij/qorc/qorc-sdk/qorc-onion-apps/qorc_fpga_breathectrl/GCC_Project/output/exceptions.o
                0x0000000000001bfe                AdcDone_Handler
 *fill*         0x0000000000001c06        0x2 
 .text.RtcAlarm_Handler
                0x0000000000001c08       0x1c /home/kshitij/qorc/qorc-sdk/qorc-onion-apps/qorc_fpga_breathectrl/GCC_Project/output/exceptions.o
                0x0000000000001c08                RtcAlarm_Handler
 .text.ResetInt_Handler
                0x0000000000001c24        0x8 /home/kshitij/qorc/qorc-sdk/qorc-onion-apps/qorc_fpga_breathectrl/GCC_Project/output/exceptions.o
                0x0000000000001c24                ResetInt_Handler
 .text.Ffe0_Handler
                0x0000000000001c2c       0x18 /home/kshitij/qorc/qorc-sdk/qorc-onion-apps/qorc_fpga_breathectrl/GCC_Project/output/exceptions.o
                0x0000000000001c2c                Ffe0_Handler
 .text.FbMsg_Handler
                0x0000000000001c44       0x6c /home/kshitij/qorc/qorc-sdk/qorc-onion-apps/qorc_fpga_breathectrl/GCC_Project/output/exceptions.o
                0x0000000000001c44                FbMsg_Handler
 .text.SensorGpio_Handler
                0x0000000000001cb0        0x8 /home/kshitij/qorc/qorc-sdk/qorc-onion-apps/qorc_fpga_breathectrl/GCC_Project/output/exceptions.o
                0x0000000000001cb0                SensorGpio_Handler
 .text.M4SramSleep_Handler
                0x0000000000001cb8        0x8 /home/kshitij/qorc/qorc-sdk/qorc-onion-apps/qorc_fpga_breathectrl/GCC_Project/output/exceptions.o
                0x0000000000001cb8                M4SramSleep_Handler
 .text.LDO30_PG_Handler
                0x0000000000001cc0        0x8 /home/kshitij/qorc/qorc-sdk/qorc-onion-apps/qorc_fpga_breathectrl/GCC_Project/output/exceptions.o
                0x0000000000001cc0                LDO30_PG_Handler
 .text.LDO50_PG_Handler
                0x0000000000001cc8        0x8 /home/kshitij/qorc/qorc-sdk/qorc-onion-apps/qorc_fpga_breathectrl/GCC_Project/output/exceptions.o
                0x0000000000001cc8                LDO50_PG_Handler
 .text.DMIC_Voice_Det_Handler
                0x0000000000001cd0        0x8 /home/kshitij/qorc/qorc-sdk/qorc-onion-apps/qorc_fpga_breathectrl/GCC_Project/output/exceptions.o
                0x0000000000001cd0                DMIC_Voice_Det_Handler
 .text.ApPDMClkOn_Handler
                0x0000000000001cd8        0x8 /home/kshitij/qorc/qorc-sdk/qorc-onion-apps/qorc_fpga_breathectrl/GCC_Project/output/exceptions.o
                0x0000000000001cd8                ApPDMClkOn_Handler
 .text.ApPDMClkOff_Handler
                0x0000000000001ce0        0x8 /home/kshitij/qorc/qorc-sdk/qorc-onion-apps/qorc_fpga_breathectrl/GCC_Project/output/exceptions.o
                0x0000000000001ce0                ApPDMClkOff_Handler
 .text.Dmac0BlkDone_Handler
                0x0000000000001ce8        0x8 /home/kshitij/qorc/qorc-sdk/qorc-onion-apps/qorc_fpga_breathectrl/GCC_Project/output/exceptions.o
                0x0000000000001ce8                Dmac0BlkDone_Handler
 .text.Dmac0BufDone_Handler
                0x0000000000001cf0        0x8 /home/kshitij/qorc/qorc-sdk/qorc-onion-apps/qorc_fpga_breathectrl/GCC_Project/output/exceptions.o
                0x0000000000001cf0                Dmac0BufDone_Handler
 .text.Dmac1BlkDone_Handler
                0x0000000000001cf8        0x8 /home/kshitij/qorc/qorc-sdk/qorc-onion-apps/qorc_fpga_breathectrl/GCC_Project/output/exceptions.o
                0x0000000000001cf8                Dmac1BlkDone_Handler
 .text.Dmac1BufDone_Handler
                0x0000000000001d00        0x8 /home/kshitij/qorc/qorc-sdk/qorc-onion-apps/qorc_fpga_breathectrl/GCC_Project/output/exceptions.o
                0x0000000000001d00                Dmac1BufDone_Handler
 .text.Sdma0Done_Handler
                0x0000000000001d08        0x8 /home/kshitij/qorc/qorc-sdk/qorc-onion-apps/qorc_fpga_breathectrl/GCC_Project/output/exceptions.o
                0x0000000000001d08                Sdma0Done_Handler
 .text.Sdma1Done_Handler
                0x0000000000001d10        0x8 /home/kshitij/qorc/qorc-sdk/qorc-onion-apps/qorc_fpga_breathectrl/GCC_Project/output/exceptions.o
                0x0000000000001d10                Sdma1Done_Handler
 .text.Sdma2Done_Handler
                0x0000000000001d18        0x8 /home/kshitij/qorc/qorc-sdk/qorc-onion-apps/qorc_fpga_breathectrl/GCC_Project/output/exceptions.o
                0x0000000000001d18                Sdma2Done_Handler
 .text.Sdma3Done_Handler
                0x0000000000001d20        0x8 /home/kshitij/qorc/qorc-sdk/qorc-onion-apps/qorc_fpga_breathectrl/GCC_Project/output/exceptions.o
                0x0000000000001d20                Sdma3Done_Handler
 .text.Sdma4Done_Handler
                0x0000000000001d28        0x8 /home/kshitij/qorc/qorc-sdk/qorc-onion-apps/qorc_fpga_breathectrl/GCC_Project/output/exceptions.o
                0x0000000000001d28                Sdma4Done_Handler
 .text.Sdma5Done_Handler
                0x0000000000001d30        0x8 /home/kshitij/qorc/qorc-sdk/qorc-onion-apps/qorc_fpga_breathectrl/GCC_Project/output/exceptions.o
                0x0000000000001d30                Sdma5Done_Handler
 .text.Sdma6Done_Handler
                0x0000000000001d38        0x8 /home/kshitij/qorc/qorc-sdk/qorc-onion-apps/qorc_fpga_breathectrl/GCC_Project/output/exceptions.o
                0x0000000000001d38                Sdma6Done_Handler
 .text.Sdma7Done_Handler
                0x0000000000001d40        0x8 /home/kshitij/qorc/qorc-sdk/qorc-onion-apps/qorc_fpga_breathectrl/GCC_Project/output/exceptions.o
                0x0000000000001d40                Sdma7Done_Handler
 .text.Sdma8Done_Handler
                0x0000000000001d48        0x8 /home/kshitij/qorc/qorc-sdk/qorc-onion-apps/qorc_fpga_breathectrl/GCC_Project/output/exceptions.o
                0x0000000000001d48                Sdma8Done_Handler
 .text.Sdma9Done_Handler
                0x0000000000001d50        0x8 /home/kshitij/qorc/qorc-sdk/qorc-onion-apps/qorc_fpga_breathectrl/GCC_Project/output/exceptions.o
                0x0000000000001d50                Sdma9Done_Handler
 .text.Sdma10Done_Handler
                0x0000000000001d58        0x8 /home/kshitij/qorc/qorc-sdk/qorc-onion-apps/qorc_fpga_breathectrl/GCC_Project/output/exceptions.o
                0x0000000000001d58                Sdma10Done_Handler
 .text.Sdma11Done_Handler
                0x0000000000001d60        0x8 /home/kshitij/qorc/qorc-sdk/qorc-onion-apps/qorc_fpga_breathectrl/GCC_Project/output/exceptions.o
                0x0000000000001d60                Sdma11Done_Handler
 .text.SdmaErr_Handler
                0x0000000000001d68        0x8 /home/kshitij/qorc/qorc-sdk/qorc-onion-apps/qorc_fpga_breathectrl/GCC_Project/output/exceptions.o
                0x0000000000001d68                SdmaErr_Handler
 .text.I2S_SlvM4TxOr_Handler
                0x0000000000001d70        0x8 /home/kshitij/qorc/qorc-sdk/qorc-onion-apps/qorc_fpga_breathectrl/GCC_Project/output/exceptions.o
                0x0000000000001d70                I2S_SlvM4TxOr_Handler
 .text.SRAM_128KB_Handler
                0x0000000000001d78        0x8 /home/kshitij/qorc/qorc-sdk/qorc-onion-apps/qorc_fpga_breathectrl/GCC_Project/output/exceptions.o
                0x0000000000001d78                SRAM_128KB_Handler
 .text.LPSD_Voice_Det_Handler
                0x0000000000001d80        0x8 /home/kshitij/qorc/qorc-sdk/qorc-onion-apps/qorc_fpga_breathectrl/GCC_Project/output/exceptions.o
                0x0000000000001d80                LPSD_Voice_Det_Handler
 .text.FfeWdt_Handler
                0x0000000000001d88        0x8 /home/kshitij/qorc/qorc-sdk/qorc-onion-apps/qorc_fpga_breathectrl/GCC_Project/output/exceptions.o
                0x0000000000001d88                FfeWdt_Handler
 .text.ApBoot_Handler
                0x0000000000001d90        0x8 /home/kshitij/qorc/qorc-sdk/qorc-onion-apps/qorc_fpga_breathectrl/GCC_Project/output/exceptions.o
                0x0000000000001d90                ApBoot_Handler
 .text.SwInt2_Handler
                0x0000000000001d98        0x8 /home/kshitij/qorc/qorc-sdk/qorc-onion-apps/qorc_fpga_breathectrl/GCC_Project/output/exceptions.o
                0x0000000000001d98                SwInt2_Handler
 .text.SwInt1_Handler
                0x0000000000001da0       0x24 /home/kshitij/qorc/qorc-sdk/qorc-onion-apps/qorc_fpga_breathectrl/GCC_Project/output/exceptions.o
                0x0000000000001da0                SwInt1_Handler
 .text.Ffe0Msg_Handler
                0x0000000000001dc4        0x8 /home/kshitij/qorc/qorc-sdk/qorc-onion-apps/qorc_fpga_breathectrl/GCC_Project/output/exceptions.o
                0x0000000000001dc4                Ffe0Msg_Handler
 .text.lpsdVoiceOffHandler
                0x0000000000001dcc        0x8 /home/kshitij/qorc/qorc-sdk/qorc-onion-apps/qorc_fpga_breathectrl/GCC_Project/output/exceptions.o
                0x0000000000001dcc                lpsdVoiceOffHandler
 .text.dmicVoiceOffHandler
                0x0000000000001dd4        0x8 /home/kshitij/qorc/qorc-sdk/qorc-onion-apps/qorc_fpga_breathectrl/GCC_Project/output/exceptions.o
                0x0000000000001dd4                dmicVoiceOffHandler
 .text.vApplicationMallocFailedHook
                0x0000000000001ddc       0x24 /home/kshitij/qorc/qorc-sdk/qorc-onion-apps/qorc_fpga_breathectrl/GCC_Project/output/exceptions.o
                0x0000000000001ddc                vApplicationMallocFailedHook
 .text.vApplicationStackOverflowHook
                0x0000000000001e00       0x24 /home/kshitij/qorc/qorc-sdk/qorc-onion-apps/qorc_fpga_breathectrl/GCC_Project/output/exceptions.o
                0x0000000000001e00                vApplicationStackOverflowHook
 .text.vApplicationTickHook
                0x0000000000001e24        0x2 /home/kshitij/qorc/qorc-sdk/qorc-onion-apps/qorc_fpga_breathectrl/GCC_Project/output/exceptions.o
                0x0000000000001e24                vApplicationTickHook
 .text.vApplicationIdleHook
                0x0000000000001e26        0x2 /home/kshitij/qorc/qorc-sdk/qorc-onion-apps/qorc_fpga_breathectrl/GCC_Project/output/exceptions.o
                0x0000000000001e26                vApplicationIdleHook
 .text.hal_fpga_onion_get_device_id
                0x0000000000001e28        0xc /home/kshitij/qorc/qorc-sdk/qorc-onion-apps/qorc_fpga_breathectrl/GCC_Project/output/hal_fpga_onion.o
                0x0000000000001e28                hal_fpga_onion_get_device_id
 .text.hal_fpga_onion_clock_cycles_for_msec
                0x0000000000001e34       0x3c /home/kshitij/qorc/qorc-sdk/qorc-onion-apps/qorc_fpga_breathectrl/GCC_Project/output/hal_fpga_onion.o
                0x0000000000001e34                hal_fpga_onion_clock_cycles_for_msec
 .text.hal_fpga_onion_msec_for_clock_cycles
                0x0000000000001e70       0x3c /home/kshitij/qorc/qorc-sdk/qorc-onion-apps/qorc_fpga_breathectrl/GCC_Project/output/hal_fpga_onion.o
                0x0000000000001e70                hal_fpga_onion_msec_for_clock_cycles
 .text.hal_fpga_onion_breathectrl_enable
                0x0000000000001eac       0x5c /home/kshitij/qorc/qorc-sdk/qorc-onion-apps/qorc_fpga_breathectrl/GCC_Project/output/hal_fpga_onion_breathectrl.o
                0x0000000000001eac                hal_fpga_onion_breathectrl_enable
 .text.hal_fpga_onion_breathectrl_disable
                0x0000000000001f08       0x28 /home/kshitij/qorc/qorc-sdk/qorc-onion-apps/qorc_fpga_breathectrl/GCC_Project/output/hal_fpga_onion_breathectrl.o
                0x0000000000001f08                hal_fpga_onion_breathectrl_disable
 .text.hal_fpga_onion_breathectrl_getval
                0x0000000000001f30       0x38 /home/kshitij/qorc/qorc-sdk/qorc-onion-apps/qorc_fpga_breathectrl/GCC_Project/output/hal_fpga_onion_breathectrl.o
                0x0000000000001f30                hal_fpga_onion_breathectrl_getval
 .text.prvInsertBlockIntoFreeList
                0x0000000000001f68       0x74 /home/kshitij/qorc/qorc-sdk/qorc-onion-apps/qorc_fpga_breathectrl/GCC_Project/output/heap_4.o
 .text.pvPortMalloc
                0x0000000000001fdc      0x198 /home/kshitij/qorc/qorc-sdk/qorc-onion-apps/qorc_fpga_breathectrl/GCC_Project/output/heap_4.o
                0x0000000000001fdc                pvPortMalloc
 .text.vPortFree
                0x0000000000002174       0xa0 /home/kshitij/qorc/qorc-sdk/qorc-onion-apps/qorc_fpga_breathectrl/GCC_Project/output/heap_4.o
                0x0000000000002174                vPortFree
 .text.vListInitialise
                0x0000000000002214       0x16 /home/kshitij/qorc/qorc-sdk/qorc-onion-apps/qorc_fpga_breathectrl/GCC_Project/output/list.o
                0x0000000000002214                vListInitialise
 .text.vListInitialiseItem
                0x000000000000222a        0x6 /home/kshitij/qorc/qorc-sdk/qorc-onion-apps/qorc_fpga_breathectrl/GCC_Project/output/list.o
                0x000000000000222a                vListInitialiseItem
 .text.vListInsertEnd
                0x0000000000002230       0x18 /home/kshitij/qorc/qorc-sdk/qorc-onion-apps/qorc_fpga_breathectrl/GCC_Project/output/list.o
                0x0000000000002230                vListInsertEnd
 .text.vListInsert
                0x0000000000002248       0x2e /home/kshitij/qorc/qorc-sdk/qorc-onion-apps/qorc_fpga_breathectrl/GCC_Project/output/list.o
                0x0000000000002248                vListInsert
 .text.uxListRemove
                0x0000000000002276       0x20 /home/kshitij/qorc/qorc-sdk/qorc-onion-apps/qorc_fpga_breathectrl/GCC_Project/output/list.o
                0x0000000000002276                uxListRemove
 *fill*         0x0000000000002296        0x2 
 .text.startup.main
                0x0000000000002298       0xb0 /home/kshitij/qorc/qorc-sdk/qorc-onion-apps/qorc_fpga_breathectrl/GCC_Project/output/main.o
                0x0000000000002298                main
 .text.SystemInit
                0x0000000000002348        0x2 /home/kshitij/qorc/qorc-sdk/qorc-onion-apps/qorc_fpga_breathectrl/GCC_Project/output/main.o
                0x0000000000002348                SystemInit
 *fill*         0x000000000000234a        0x2 
 .text.get_breathe_value
                0x000000000000234c       0x3c /home/kshitij/qorc/qorc-sdk/qorc-onion-apps/qorc_fpga_breathectrl/GCC_Project/output/main_dbg_cli_menu.o
 .text.disable_breathe_output
                0x0000000000002388       0x20 /home/kshitij/qorc/qorc-sdk/qorc-onion-apps/qorc_fpga_breathectrl/GCC_Project/output/main_dbg_cli_menu.o
 .text.enable_breathe_output
                0x00000000000023a8       0x34 /home/kshitij/qorc/qorc-sdk/qorc-onion-apps/qorc_fpga_breathectrl/GCC_Project/output/main_dbg_cli_menu.o
 .text.prvPortStartFirstTask
                0x00000000000023dc       0x28 /home/kshitij/qorc/qorc-sdk/qorc-onion-apps/qorc_fpga_breathectrl/GCC_Project/output/port.o
 .text.vPortEnableVFP
                0x0000000000002404       0x14 /home/kshitij/qorc/qorc-sdk/qorc-onion-apps/qorc_fpga_breathectrl/GCC_Project/output/port.o
 .text.prvTaskExitError
                0x0000000000002418       0x50 /home/kshitij/qorc/qorc-sdk/qorc-onion-apps/qorc_fpga_breathectrl/GCC_Project/output/port.o
 .text.pxPortInitialiseStack
                0x0000000000002468       0x2c /home/kshitij/qorc/qorc-sdk/qorc-onion-apps/qorc_fpga_breathectrl/GCC_Project/output/port.o
                0x0000000000002468                pxPortInitialiseStack
 *fill*         0x0000000000002494        0xc 
 .text.SVC_Handler
                0x00000000000024a0       0x24 /home/kshitij/qorc/qorc-sdk/qorc-onion-apps/qorc_fpga_breathectrl/GCC_Project/output/port.o
                0x00000000000024a0                SVC_Handler
 .text.vPortEnterCritical
                0x00000000000024c4       0x58 /home/kshitij/qorc/qorc-sdk/qorc-onion-apps/qorc_fpga_breathectrl/GCC_Project/output/port.o
                0x00000000000024c4                vPortEnterCritical
 .text.vPortExitCritical
                0x000000000000251c       0x3c /home/kshitij/qorc/qorc-sdk/qorc-onion-apps/qorc_fpga_breathectrl/GCC_Project/output/port.o
                0x000000000000251c                vPortExitCritical
 *fill*         0x0000000000002558        0x8 
 .text.PendSV_Handler
                0x0000000000002560       0x64 /home/kshitij/qorc/qorc-sdk/qorc-onion-apps/qorc_fpga_breathectrl/GCC_Project/output/port.o
                0x0000000000002560                PendSV_Handler
 .text.xPortSysTickHandler
                0x00000000000025c4       0x2c /home/kshitij/qorc/qorc-sdk/qorc-onion-apps/qorc_fpga_breathectrl/GCC_Project/output/port.o
                0x00000000000025c4                xPortSysTickHandler
 .text.xPortStartScheduler
                0x00000000000025f0      0x158 /home/kshitij/qorc/qorc-sdk/qorc-onion-apps/qorc_fpga_breathectrl/GCC_Project/output/port.o
                0x00000000000025f0                xPortStartScheduler
 .text.vPortValidateInterruptPriority
                0x0000000000002748       0x7c /home/kshitij/qorc/qorc-sdk/qorc-onion-apps/qorc_fpga_breathectrl/GCC_Project/output/port.o
                0x0000000000002748                vPortValidateInterruptPriority
 .text.system_init
                0x00000000000027c4       0x6c /home/kshitij/qorc/qorc-sdk/qorc-onion-apps/qorc_fpga_breathectrl/GCC_Project/output/qorc_hardwaresetup.o
                0x00000000000027c4                system_init
 .text.qorc_hardwareSetup
                0x0000000000002830       0x6c /home/kshitij/qorc/qorc-sdk/qorc-onion-apps/qorc_fpga_breathectrl/GCC_Project/output/qorc_hardwaresetup.o
                0x0000000000002830                qorc_hardwareSetup
 .text.prvIsQueueEmpty
                0x000000000000289c       0x16 /home/kshitij/qorc/qorc-sdk/qorc-onion-apps/qorc_fpga_breathectrl/GCC_Project/output/queue.o
 .text.prvCopyDataToQueue
                0x00000000000028b2       0x78 /home/kshitij/qorc/qorc-sdk/qorc-onion-apps/qorc_fpga_breathectrl/GCC_Project/output/queue.o
 .text.prvCopyDataFromQueue
                0x000000000000292a       0x2c /home/kshitij/qorc/qorc-sdk/qorc-onion-apps/qorc_fpga_breathectrl/GCC_Project/output/queue.o
 .text.prvUnlockQueue
                0x0000000000002956       0x70 /home/kshitij/qorc/qorc-sdk/qorc-onion-apps/qorc_fpga_breathectrl/GCC_Project/output/queue.o
 *fill*         0x00000000000029c6        0x2 
 .text.xQueueGenericReset
                0x00000000000029c8       0x90 /home/kshitij/qorc/qorc-sdk/qorc-onion-apps/qorc_fpga_breathectrl/GCC_Project/output/queue.o
                0x00000000000029c8                xQueueGenericReset
 .text.xQueueGenericCreate
                0x0000000000002a58       0x74 /home/kshitij/qorc/qorc-sdk/qorc-onion-apps/qorc_fpga_breathectrl/GCC_Project/output/queue.o
                0x0000000000002a58                xQueueGenericCreate
 .text.xQueueGenericSend
                0x0000000000002acc      0x19c /home/kshitij/qorc/qorc-sdk/qorc-onion-apps/qorc_fpga_breathectrl/GCC_Project/output/queue.o
                0x0000000000002acc                xQueueGenericSend
 .text.xQueueGenericSendFromISR
                0x0000000000002c68       0xf0 /home/kshitij/qorc/qorc-sdk/qorc-onion-apps/qorc_fpga_breathectrl/GCC_Project/output/queue.o
                0x0000000000002c68                xQueueGenericSendFromISR
 .text.xQueueGenericSendFromISRDebug
                0x0000000000002d58       0x30 /home/kshitij/qorc/qorc-sdk/qorc-onion-apps/qorc_fpga_breathectrl/GCC_Project/output/queue.o
                0x0000000000002d58                xQueueGenericSendFromISRDebug
 .text.xQueueGiveFromISR
                0x0000000000002d88       0xdc /home/kshitij/qorc/qorc-sdk/qorc-onion-apps/qorc_fpga_breathectrl/GCC_Project/output/queue.o
                0x0000000000002d88                xQueueGiveFromISR
 .text.xQueueReceive
                0x0000000000002e64      0x160 /home/kshitij/qorc/qorc-sdk/qorc-onion-apps/qorc_fpga_breathectrl/GCC_Project/output/queue.o
                0x0000000000002e64                xQueueReceive
 .text.xQueueSemaphoreTake
                0x0000000000002fc4      0x1b0 /home/kshitij/qorc/qorc-sdk/qorc-onion-apps/qorc_fpga_breathectrl/GCC_Project/output/queue.o
                0x0000000000002fc4                xQueueSemaphoreTake
 .text.xQueuePeek
                0x0000000000003174      0x160 /home/kshitij/qorc/qorc-sdk/qorc-onion-apps/qorc_fpga_breathectrl/GCC_Project/output/queue.o
                0x0000000000003174                xQueuePeek
 .text.uxQueueMessagesWaiting
                0x00000000000032d4       0x3c /home/kshitij/qorc/qorc-sdk/qorc-onion-apps/qorc_fpga_breathectrl/GCC_Project/output/queue.o
                0x00000000000032d4                uxQueueMessagesWaiting
 .text.vQueueAddToRegistry
                0x0000000000003310       0x24 /home/kshitij/qorc/qorc-sdk/qorc-onion-apps/qorc_fpga_breathectrl/GCC_Project/output/queue.o
                0x0000000000003310                vQueueAddToRegistry
 .text.vQueueWaitForMessageRestricted
                0x0000000000003334       0x46 /home/kshitij/qorc/qorc-sdk/qorc-onion-apps/qorc_fpga_breathectrl/GCC_Project/output/queue.o
                0x0000000000003334                vQueueWaitForMessageRestricted
 .text.s3x_clkd_write_div
                0x000000000000337a       0xa8 /home/kshitij/qorc/qorc-sdk/qorc-onion-apps/qorc_fpga_breathectrl/GCC_Project/output/s3x_clock.o
 .text.s3x_clkd_read_div
                0x0000000000003422       0x44 /home/kshitij/qorc/qorc-sdk/qorc-onion-apps/qorc_fpga_breathectrl/GCC_Project/output/s3x_clock.o
 *fill*         0x0000000000003466        0x2 
 .text.s3x_clkd_cal_div.part.0
                0x0000000000003468       0x30 /home/kshitij/qorc/qorc-sdk/qorc-onion-apps/qorc_fpga_breathectrl/GCC_Project/output/s3x_clock.o
 .text.S3x_Id_To_Domain
                0x0000000000003498       0x1c /home/kshitij/qorc/qorc-sdk/qorc-onion-apps/qorc_fpga_breathectrl/GCC_Project/output/s3x_clock.o
                0x0000000000003498                S3x_Id_To_Domain
 .text.s3x_clkd_get_init_rate
                0x00000000000034b4       0x28 /home/kshitij/qorc/qorc-sdk/qorc-onion-apps/qorc_fpga_breathectrl/GCC_Project/output/s3x_clock.o
                0x00000000000034b4                s3x_clkd_get_init_rate
 .text.s3x_clkd_update_div_val
                0x00000000000034dc       0x4c /home/kshitij/qorc/qorc-sdk/qorc-onion-apps/qorc_fpga_breathectrl/GCC_Project/output/s3x_clock.o
                0x00000000000034dc                s3x_clkd_update_div_val
 .text.s3x_clkd_update_fd_rate
                0x0000000000003528        0xe /home/kshitij/qorc/qorc-sdk/qorc-onion-apps/qorc_fpga_breathectrl/GCC_Project/output/s3x_clock.o
                0x0000000000003528                s3x_clkd_update_fd_rate
 *fill*         0x0000000000003536        0x2 
 .text.s3x_clkd_update_sd_div
                0x0000000000003538       0x5c /home/kshitij/qorc/qorc-sdk/qorc-onion-apps/qorc_fpga_breathectrl/GCC_Project/output/s3x_clock.o
 .text.s3x_clkd_update_all_src_div
                0x0000000000003594       0xcc /home/kshitij/qorc/qorc-sdk/qorc-onion-apps/qorc_fpga_breathectrl/GCC_Project/output/s3x_clock.o
                0x0000000000003594                s3x_clkd_update_all_src_div
 .text.S3x_Clkd_Get_Hsosc_Rate
                0x0000000000003660       0x34 /home/kshitij/qorc/qorc-sdk/qorc-onion-apps/qorc_fpga_breathectrl/GCC_Project/output/s3x_clock.o
                0x0000000000003660                S3x_Clkd_Get_Hsosc_Rate
 .text.s3x_clkd_get_active_HSOSC_qos
                0x0000000000003694        0xc /home/kshitij/qorc/qorc-sdk/qorc-onion-apps/qorc_fpga_breathectrl/GCC_Project/output/s3x_clock.o
                0x0000000000003694                s3x_clkd_get_active_HSOSC_qos
 .text.S3x_Clkd_Change_Hsosc
                0x00000000000036a0       0x70 /home/kshitij/qorc/qorc-sdk/qorc-onion-apps/qorc_fpga_breathectrl/GCC_Project/output/s3x_clock.o
                0x00000000000036a0                S3x_Clkd_Change_Hsosc
 .text.s3x_clkd_get_src_rate
                0x0000000000003710       0x12 /home/kshitij/qorc/qorc-sdk/qorc-onion-apps/qorc_fpga_breathectrl/GCC_Project/output/s3x_clock.o
                0x0000000000003710                s3x_clkd_get_src_rate
 *fill*         0x0000000000003722        0x2 
 .text.s3x_clkd_get_div
                0x0000000000003724       0x74 /home/kshitij/qorc/qorc-sdk/qorc-onion-apps/qorc_fpga_breathectrl/GCC_Project/output/s3x_clock.o
                0x0000000000003724                s3x_clkd_get_div
 .text.s3x_clkd_srate
                0x0000000000003798      0x158 /home/kshitij/qorc/qorc-sdk/qorc-onion-apps/qorc_fpga_breathectrl/GCC_Project/output/s3x_clock.o
 .text.s3x_clkd_grate
                0x00000000000038f0       0x8c /home/kshitij/qorc/qorc-sdk/qorc-onion-apps/qorc_fpga_breathectrl/GCC_Project/output/s3x_clock.o
 .text.s3x_clkd_set_src_div_st
                0x000000000000397c       0x4c /home/kshitij/qorc/qorc-sdk/qorc-onion-apps/qorc_fpga_breathectrl/GCC_Project/output/s3x_clock.o
 .text.s3x_update_clk_rate
                0x00000000000039c8       0xb0 /home/kshitij/qorc/qorc-sdk/qorc-onion-apps/qorc_fpga_breathectrl/GCC_Project/output/s3x_clock.o
                0x00000000000039c8                s3x_update_clk_rate
 .text.s3x_clkd_get_gate_mask_st
                0x0000000000003a78       0x16 /home/kshitij/qorc/qorc-sdk/qorc-onion-apps/qorc_fpga_breathectrl/GCC_Project/output/s3x_clock.o
                0x0000000000003a78                s3x_clkd_get_gate_mask_st
 *fill*         0x0000000000003a8e        0x2 
 .text.s3x_clkd_set_gate_mask
                0x0000000000003a90       0x50 /home/kshitij/qorc/qorc-sdk/qorc-onion-apps/qorc_fpga_breathectrl/GCC_Project/output/s3x_clock.o
                0x0000000000003a90                s3x_clkd_set_gate_mask
 .text.s3x_clkd_enable_gate
                0x0000000000003ae0       0x68 /home/kshitij/qorc/qorc-sdk/qorc-onion-apps/qorc_fpga_breathectrl/GCC_Project/output/s3x_clock.o
 .text.s3x_clkd_disable_gate
                0x0000000000003b48       0x54 /home/kshitij/qorc/qorc-sdk/qorc-onion-apps/qorc_fpga_breathectrl/GCC_Project/output/s3x_clock.o
 .text._S3x_Clk_Enable
                0x0000000000003b9c       0xb8 /home/kshitij/qorc/qorc-sdk/qorc-onion-apps/qorc_fpga_breathectrl/GCC_Project/output/s3x_clock.o
                0x0000000000003b9c                _S3x_Clk_Enable
 .text._S3x_Clk_Disable
                0x0000000000003c54       0xc8 /home/kshitij/qorc/qorc-sdk/qorc-onion-apps/qorc_fpga_breathectrl/GCC_Project/output/s3x_clock.o
                0x0000000000003c54                _S3x_Clk_Disable
 .text._S3x_Clk_Get_Status
                0x0000000000003d1c       0x2c /home/kshitij/qorc/qorc-sdk/qorc-onion-apps/qorc_fpga_breathectrl/GCC_Project/output/s3x_clock.o
                0x0000000000003d1c                _S3x_Clk_Get_Status
 .text._S3x_Clk_Get_Rate
                0x0000000000003d48       0x28 /home/kshitij/qorc/qorc-sdk/qorc-onion-apps/qorc_fpga_breathectrl/GCC_Project/output/s3x_clock.o
                0x0000000000003d48                _S3x_Clk_Get_Rate
 .text._S3x_Clk_Set_Rate
                0x0000000000003d70       0x48 /home/kshitij/qorc/qorc-sdk/qorc-onion-apps/qorc_fpga_breathectrl/GCC_Project/output/s3x_clock.o
                0x0000000000003d70                _S3x_Clk_Set_Rate
 .text.S3x_Clk_Init
                0x0000000000003db8      0x15c /home/kshitij/qorc/qorc-sdk/qorc-onion-apps/qorc_fpga_breathectrl/GCC_Project/output/s3x_clock.o
                0x0000000000003db8                S3x_Clk_Init
 .text.S3x_Clk_Enable
                0x0000000000003f14        0x4 /home/kshitij/qorc/qorc-sdk/qorc-onion-apps/qorc_fpga_breathectrl/GCC_Project/output/s3x_clock_hal.o
                0x0000000000003f14                S3x_Clk_Enable
 .text.S3x_Clk_Disable
                0x0000000000003f18        0x4 /home/kshitij/qorc/qorc-sdk/qorc-onion-apps/qorc_fpga_breathectrl/GCC_Project/output/s3x_clock_hal.o
                0x0000000000003f18                S3x_Clk_Disable
 .text.S3x_Clk_Get_Rate
                0x0000000000003f1c        0x4 /home/kshitij/qorc/qorc-sdk/qorc-onion-apps/qorc_fpga_breathectrl/GCC_Project/output/s3x_clock_hal.o
                0x0000000000003f1c                S3x_Clk_Get_Rate
 .text.DFS_cpuload
                0x0000000000003f20       0x4c /home/kshitij/qorc/qorc-sdk/qorc-onion-apps/qorc_fpga_breathectrl/GCC_Project/output/s3x_cpuload.o
                0x0000000000003f20                DFS_cpuload
 .text.DFS_updatesleepticks
                0x0000000000003f6c       0x10 /home/kshitij/qorc/qorc-sdk/qorc-onion-apps/qorc_fpga_breathectrl/GCC_Project/output/s3x_cpuload.o
                0x0000000000003f6c                DFS_updatesleepticks
 .text.DFS_resetsleepticks
                0x0000000000003f7c        0xc /home/kshitij/qorc/qorc-sdk/qorc-onion-apps/qorc_fpga_breathectrl/GCC_Project/output/s3x_cpuload.o
                0x0000000000003f7c                DFS_resetsleepticks
 .text.DFS_UpdateTimer
                0x0000000000003f88       0x5c /home/kshitij/qorc/qorc-sdk/qorc-onion-apps/qorc_fpga_breathectrl/GCC_Project/output/s3x_dfs.o
 .text.DFS_StartTimer
                0x0000000000003fe4       0x88 /home/kshitij/qorc/qorc-sdk/qorc-onion-apps/qorc_fpga_breathectrl/GCC_Project/output/s3x_dfs.o
                0x0000000000003fe4                DFS_StartTimer
 .text.s3x_suspend_dfs
                0x000000000000406c        0xc /home/kshitij/qorc/qorc-sdk/qorc-onion-apps/qorc_fpga_breathectrl/GCC_Project/output/s3x_dfs.o
                0x000000000000406c                s3x_suspend_dfs
 .text.S3x_Set_Policy
                0x0000000000004078       0xf8 /home/kshitij/qorc/qorc-sdk/qorc-onion-apps/qorc_fpga_breathectrl/GCC_Project/output/s3x_dfs.o
                0x0000000000004078                S3x_Set_Policy
 .text.S3x_get_max_rate_dfs_node
                0x0000000000004170       0x28 /home/kshitij/qorc/qorc-sdk/qorc-onion-apps/qorc_fpga_breathectrl/GCC_Project/output/s3x_dfs.o
                0x0000000000004170                S3x_get_max_rate_dfs_node
 .text.S3x_Stepup_Policy
                0x0000000000004198       0x7c /home/kshitij/qorc/qorc-sdk/qorc-onion-apps/qorc_fpga_breathectrl/GCC_Project/output/s3x_dfs.o
 .text.DFS_TimerCB
                0x0000000000004214        0xe /home/kshitij/qorc/qorc-sdk/qorc-onion-apps/qorc_fpga_breathectrl/GCC_Project/output/s3x_dfs.o
 *fill*         0x0000000000004222        0x2 
 .text.DFS_AlignPolicy
                0x0000000000004224       0x38 /home/kshitij/qorc/qorc-sdk/qorc-onion-apps/qorc_fpga_breathectrl/GCC_Project/output/s3x_dfs.o
                0x0000000000004224                DFS_AlignPolicy
 .text.S3x_Reduce_Hsosc
                0x000000000000425c       0x50 /home/kshitij/qorc/qorc-sdk/qorc-onion-apps/qorc_fpga_breathectrl/GCC_Project/output/s3x_dfs.o
                0x000000000000425c                S3x_Reduce_Hsosc
 .text.DFS_fPolicyHasDeepSleep
                0x00000000000042ac       0x1c /home/kshitij/qorc/qorc-sdk/qorc-onion-apps/qorc_fpga_breathectrl/GCC_Project/output/s3x_dfs.o
                0x00000000000042ac                DFS_fPolicyHasDeepSleep
 .text.DFS_SwitchToSleepPolicy
                0x00000000000042c8       0x74 /home/kshitij/qorc/qorc-sdk/qorc-onion-apps/qorc_fpga_breathectrl/GCC_Project/output/s3x_dfs.o
                0x00000000000042c8                DFS_SwitchToSleepPolicy
 .text.DFS_RestoreFromSleep
                0x000000000000433c       0x34 /home/kshitij/qorc/qorc-sdk/qorc-onion-apps/qorc_fpga_breathectrl/GCC_Project/output/s3x_dfs.o
                0x000000000000433c                DFS_RestoreFromSleep
 .text.s3x_get_index_in_dfs_node
                0x0000000000004370       0x20 /home/kshitij/qorc/qorc-sdk/qorc-onion-apps/qorc_fpga_breathectrl/GCC_Project/output/s3x_dfs.o
                0x0000000000004370                s3x_get_index_in_dfs_node
 .text.s3x_get_policy_max_rate
                0x0000000000004390       0x2c /home/kshitij/qorc/qorc-sdk/qorc-onion-apps/qorc_fpga_breathectrl/GCC_Project/output/s3x_dfs.o
                0x0000000000004390                s3x_get_policy_max_rate
 .text.S3x_Is_Dfs_En
                0x00000000000043bc       0x10 /home/kshitij/qorc/qorc-sdk/qorc-onion-apps/qorc_fpga_breathectrl/GCC_Project/output/s3x_dfs.o
                0x00000000000043bc                S3x_Is_Dfs_En
 .text.S3x_Set_Dfs_st
                0x00000000000043cc        0xc /home/kshitij/qorc/qorc-sdk/qorc-onion-apps/qorc_fpga_breathectrl/GCC_Project/output/s3x_dfs.o
                0x00000000000043cc                S3x_Set_Dfs_st
 .text.DFS_Get_Curr_Policy
                0x00000000000043d8        0xc /home/kshitij/qorc/qorc-sdk/qorc-onion-apps/qorc_fpga_breathectrl/GCC_Project/output/s3x_dfs.o
                0x00000000000043d8                DFS_Get_Curr_Policy
 .text.DFS_Initialize
                0x00000000000043e4       0x14 /home/kshitij/qorc/qorc-sdk/qorc-onion-apps/qorc_fpga_breathectrl/GCC_Project/output/s3x_dfs.o
                0x00000000000043e4                DFS_Initialize
 .text.trace_this
                0x00000000000043f8       0x28 /home/kshitij/qorc/qorc-sdk/qorc-onion-apps/qorc_fpga_breathectrl/GCC_Project/output/s3x_lpm.o
 .text.S3x_Register_Lpm_Cb
                0x0000000000004420       0x40 /home/kshitij/qorc/qorc-sdk/qorc-onion-apps/qorc_fpga_breathectrl/GCC_Project/output/s3x_lpm.o
                0x0000000000004420                S3x_Register_Lpm_Cb
 .text.s3x_setup_systick_interrupt
                0x0000000000004460       0x54 /home/kshitij/qorc/qorc-sdk/qorc-onion-apps/qorc_fpga_breathectrl/GCC_Project/output/s3x_lpm.o
                0x0000000000004460                s3x_setup_systick_interrupt
 .text.prvStopTickInterruptTimer
                0x00000000000044b4       0x10 /home/kshitij/qorc/qorc-sdk/qorc-onion-apps/qorc_fpga_breathectrl/GCC_Project/output/s3x_lpm.o
                0x00000000000044b4                prvStopTickInterruptTimer
 .text.prvStartTickInterruptTimer
                0x00000000000044c4        0x8 /home/kshitij/qorc/qorc-sdk/qorc-onion-apps/qorc_fpga_breathectrl/GCC_Project/output/s3x_lpm.o
                0x00000000000044c4                prvStartTickInterruptTimer
 .text.SysTick_Handler
                0x00000000000044cc       0x12 /home/kshitij/qorc/qorc-sdk/qorc-onion-apps/qorc_fpga_breathectrl/GCC_Project/output/s3x_lpm.o
                0x00000000000044cc                SysTick_Handler
 .text.vPortSetupTimerInterrupt
                0x00000000000044de        0x6 /home/kshitij/qorc/qorc-sdk/qorc-onion-apps/qorc_fpga_breathectrl/GCC_Project/output/s3x_lpm.o
                0x00000000000044de                vPortSetupTimerInterrupt
 .text.S3x_Pre_Lpm
                0x00000000000044e4       0x20 /home/kshitij/qorc/qorc-sdk/qorc-onion-apps/qorc_fpga_breathectrl/GCC_Project/output/s3x_lpm.o
                0x00000000000044e4                S3x_Pre_Lpm
 .text.S3x_Post_Lpm
                0x0000000000004504       0x18 /home/kshitij/qorc/qorc-sdk/qorc-onion-apps/qorc_fpga_breathectrl/GCC_Project/output/s3x_lpm.o
                0x0000000000004504                S3x_Post_Lpm
 .text.S3x_Lpm_Handler
                0x000000000000451c      0x3ac /home/kshitij/qorc/qorc-sdk/qorc-onion-apps/qorc_fpga_breathectrl/GCC_Project/output/s3x_lpm.o
                0x000000000000451c                S3x_Lpm_Handler
 .text.s3x_get_pi
                0x00000000000048c8       0x20 /home/kshitij/qorc/qorc-sdk/qorc-onion-apps/qorc_fpga_breathectrl/GCC_Project/output/s3x_pi.o
                0x00000000000048c8                s3x_get_pi
 .text.s3x_get_pi_gindex
                0x00000000000048e8       0x14 /home/kshitij/qorc/qorc-sdk/qorc-onion-apps/qorc_fpga_breathectrl/GCC_Project/output/s3x_pi.o
                0x00000000000048e8                s3x_get_pi_gindex
 .text.s3x_pi_get_st
                0x00000000000048fc       0x24 /home/kshitij/qorc/qorc-sdk/qorc-onion-apps/qorc_fpga_breathectrl/GCC_Project/output/s3x_pi.o
                0x00000000000048fc                s3x_pi_get_st
 .text.s3x_pi_set_cfg_st
                0x0000000000004920       0x94 /home/kshitij/qorc/qorc-sdk/qorc-onion-apps/qorc_fpga_breathectrl/GCC_Project/output/s3x_pi.o
                0x0000000000004920                s3x_pi_set_cfg_st
 .text.s3x_pi_set_active_st
                0x00000000000049b4       0xa8 /home/kshitij/qorc/qorc-sdk/qorc-onion-apps/qorc_fpga_breathectrl/GCC_Project/output/s3x_pi.o
                0x00000000000049b4                s3x_pi_set_active_st
 .text.s3x_pi_get_clkg_st
                0x0000000000004a5c       0x36 /home/kshitij/qorc/qorc-sdk/qorc-onion-apps/qorc_fpga_breathectrl/GCC_Project/output/s3x_pi.o
                0x0000000000004a5c                s3x_pi_get_clkg_st
 .text.s3x_pi_set_clkg_st
                0x0000000000004a92       0x26 /home/kshitij/qorc/qorc-sdk/qorc-onion-apps/qorc_fpga_breathectrl/GCC_Project/output/s3x_pi.o
                0x0000000000004a92                s3x_pi_set_clkg_st
 .text.s3x_set_pi_state
                0x0000000000004ab8        0xc /home/kshitij/qorc/qorc-sdk/qorc-onion-apps/qorc_fpga_breathectrl/GCC_Project/output/s3x_pi.o
                0x0000000000004ab8                s3x_set_pi_state
 .text.s3x_get_pi_init_state
                0x0000000000004ac4       0x18 /home/kshitij/qorc/qorc-sdk/qorc-onion-apps/qorc_fpga_breathectrl/GCC_Project/output/s3x_pi.o
                0x0000000000004ac4                s3x_get_pi_init_state
 .text.S3x_pi_init
                0x0000000000004adc       0x20 /home/kshitij/qorc/qorc-sdk/qorc-onion-apps/qorc_fpga_breathectrl/GCC_Project/output/s3x_pi.o
                0x0000000000004adc                S3x_pi_init
 .text.S3x_pwrcfg_init
                0x0000000000004afc       0x2c /home/kshitij/qorc/qorc-sdk/qorc-onion-apps/qorc_fpga_breathectrl/GCC_Project/output/s3x_pwrcfg.o
                0x0000000000004afc                S3x_pwrcfg_init
 .text.s3x_sram_in_lpm
                0x0000000000004b28       0x1c /home/kshitij/qorc/qorc-sdk/qorc-onion-apps/qorc_fpga_breathectrl/GCC_Project/output/s3x_pwrcfg.o
                0x0000000000004b28                s3x_sram_in_lpm
 .text.S3x_get_qos_rate
                0x0000000000004b44       0x38 /home/kshitij/qorc/qorc-sdk/qorc-onion-apps/qorc_fpga_breathectrl/GCC_Project/output/s3x_qos.o
                0x0000000000004b44                S3x_get_qos_rate
 .text.save_assert_info
                0x0000000000004b7c       0x74 /home/kshitij/qorc/qorc-sdk/qorc-onion-apps/qorc_fpga_breathectrl/GCC_Project/output/sec_debug.o
                0x0000000000004b7c                save_assert_info
 .text.invoke_soft_fault
                0x0000000000004bf0       0x20 /home/kshitij/qorc/qorc-sdk/qorc-onion-apps/qorc_fpga_breathectrl/GCC_Project/output/sec_debug.o
                0x0000000000004bf0                invoke_soft_fault
 .text.Reset_Handler
                0x0000000000004c10       0x2c /home/kshitij/qorc/qorc-sdk/qorc-onion-apps/qorc_fpga_breathectrl/GCC_Project/output/startup_EOSS3B_GCC.o
                0x0000000000004c10                Reset_Handler
 .text.__semihost_call
                0x0000000000004c3c        0x6 /home/kshitij/qorc/qorc-sdk/qorc-onion-apps/qorc_fpga_breathectrl/GCC_Project/output/startup_EOSS3B_GCC.o
                0x0000000000004c3c                __semihost_call
 *fill*         0x0000000000004c42        0x2 
 .text.prvGetExpectedIdleTime
                0x0000000000004c44       0x3c /home/kshitij/qorc/qorc-sdk/qorc-onion-apps/qorc_fpga_breathectrl/GCC_Project/output/tasks.o
 .text.prvResetNextTaskUnblockTime
                0x0000000000004c80       0x24 /home/kshitij/qorc/qorc-sdk/qorc-onion-apps/qorc_fpga_breathectrl/GCC_Project/output/tasks.o
 .text.prvAddCurrentTaskToDelayedList
                0x0000000000004ca4       0x8c /home/kshitij/qorc/qorc-sdk/qorc-onion-apps/qorc_fpga_breathectrl/GCC_Project/output/tasks.o
 .text.xTaskCreate
                0x0000000000004d30      0x1e0 /home/kshitij/qorc/qorc-sdk/qorc-onion-apps/qorc_fpga_breathectrl/GCC_Project/output/tasks.o
                0x0000000000004d30                xTaskCreate
 .text.vTaskStartScheduler
                0x0000000000004f10       0x98 /home/kshitij/qorc/qorc-sdk/qorc-onion-apps/qorc_fpga_breathectrl/GCC_Project/output/tasks.o
                0x0000000000004f10                vTaskStartScheduler
 .text.vTaskSuspendAll
                0x0000000000004fa8       0x10 /home/kshitij/qorc/qorc-sdk/qorc-onion-apps/qorc_fpga_breathectrl/GCC_Project/output/tasks.o
                0x0000000000004fa8                vTaskSuspendAll
 .text.xTaskGetTickCount
                0x0000000000004fb8        0xc /home/kshitij/qorc/qorc-sdk/qorc-onion-apps/qorc_fpga_breathectrl/GCC_Project/output/tasks.o
                0x0000000000004fb8                xTaskGetTickCount
 .text.vTaskStepTick
                0x0000000000004fc4       0x44 /home/kshitij/qorc/qorc-sdk/qorc-onion-apps/qorc_fpga_breathectrl/GCC_Project/output/tasks.o
                0x0000000000004fc4                vTaskStepTick
 .text.xTaskIncrementTick
                0x0000000000005008      0x14c /home/kshitij/qorc/qorc-sdk/qorc-onion-apps/qorc_fpga_breathectrl/GCC_Project/output/tasks.o
                0x0000000000005008                xTaskIncrementTick
 .text.xTaskResumeAll
                0x0000000000005154      0x100 /home/kshitij/qorc/qorc-sdk/qorc-onion-apps/qorc_fpga_breathectrl/GCC_Project/output/tasks.o
                0x0000000000005154                xTaskResumeAll
 .text.vTaskDelay
                0x0000000000005254       0x60 /home/kshitij/qorc/qorc-sdk/qorc-onion-apps/qorc_fpga_breathectrl/GCC_Project/output/tasks.o
                0x0000000000005254                vTaskDelay
 .text.prvIdleTask
                0x00000000000052b4       0xc4 /home/kshitij/qorc/qorc-sdk/qorc-onion-apps/qorc_fpga_breathectrl/GCC_Project/output/tasks.o
 .text.vTaskSwitchContext
                0x0000000000005378       0xb8 /home/kshitij/qorc/qorc-sdk/qorc-onion-apps/qorc_fpga_breathectrl/GCC_Project/output/tasks.o
                0x0000000000005378                vTaskSwitchContext
 .text.vTaskPlaceOnEventList
                0x0000000000005430       0x48 /home/kshitij/qorc/qorc-sdk/qorc-onion-apps/qorc_fpga_breathectrl/GCC_Project/output/tasks.o
                0x0000000000005430                vTaskPlaceOnEventList
 .text.vTaskPlaceOnEventListRestricted
                0x0000000000005478       0x50 /home/kshitij/qorc/qorc-sdk/qorc-onion-apps/qorc_fpga_breathectrl/GCC_Project/output/tasks.o
                0x0000000000005478                vTaskPlaceOnEventListRestricted
 .text.xTaskRemoveFromEventList
                0x00000000000054c8       0x9c /home/kshitij/qorc/qorc-sdk/qorc-onion-apps/qorc_fpga_breathectrl/GCC_Project/output/tasks.o
                0x00000000000054c8                xTaskRemoveFromEventList
 .text.vTaskInternalSetTimeOutState
                0x0000000000005564       0x18 /home/kshitij/qorc/qorc-sdk/qorc-onion-apps/qorc_fpga_breathectrl/GCC_Project/output/tasks.o
                0x0000000000005564                vTaskInternalSetTimeOutState
 .text.xTaskCheckForTimeOut
                0x000000000000557c       0x94 /home/kshitij/qorc/qorc-sdk/qorc-onion-apps/qorc_fpga_breathectrl/GCC_Project/output/tasks.o
                0x000000000000557c                xTaskCheckForTimeOut
 .text.vTaskMissedYield
                0x0000000000005610        0xc /home/kshitij/qorc/qorc-sdk/qorc-onion-apps/qorc_fpga_breathectrl/GCC_Project/output/tasks.o
                0x0000000000005610                vTaskMissedYield
 .text.uxTaskGetTCBNumber
                0x000000000000561c       0x14 /home/kshitij/qorc/qorc-sdk/qorc-onion-apps/qorc_fpga_breathectrl/GCC_Project/output/tasks.o
                0x000000000000561c                uxTaskGetTCBNumber
 .text.eTaskConfirmSleepModeStatus
                0x0000000000005630       0x34 /home/kshitij/qorc/qorc-sdk/qorc-onion-apps/qorc_fpga_breathectrl/GCC_Project/output/tasks.o
                0x0000000000005630                eTaskConfirmSleepModeStatus
 .text.xTaskGetCurrentTaskHandle
                0x0000000000005664        0xc /home/kshitij/qorc/qorc-sdk/qorc-onion-apps/qorc_fpga_breathectrl/GCC_Project/output/tasks.o
                0x0000000000005664                xTaskGetCurrentTaskHandle
 .text.xTaskGetSchedulerState
                0x0000000000005670       0x20 /home/kshitij/qorc/qorc-sdk/qorc-onion-apps/qorc_fpga_breathectrl/GCC_Project/output/tasks.o
                0x0000000000005670                xTaskGetSchedulerState
 .text.xTaskPriorityInherit
                0x0000000000005690       0xa8 /home/kshitij/qorc/qorc-sdk/qorc-onion-apps/qorc_fpga_breathectrl/GCC_Project/output/tasks.o
                0x0000000000005690                xTaskPriorityInherit
 .text.xTaskPriorityDisinherit
                0x0000000000005738       0xc4 /home/kshitij/qorc/qorc-sdk/qorc-onion-apps/qorc_fpga_breathectrl/GCC_Project/output/tasks.o
                0x0000000000005738                xTaskPriorityDisinherit
 .text.vTaskPriorityDisinheritAfterTimeout
                0x00000000000057fc       0xd8 /home/kshitij/qorc/qorc-sdk/qorc-onion-apps/qorc_fpga_breathectrl/GCC_Project/output/tasks.o
                0x00000000000057fc                vTaskPriorityDisinheritAfterTimeout
 .text.pvTaskIncrementMutexHeldCount
                0x00000000000058d4       0x18 /home/kshitij/qorc/qorc-sdk/qorc-onion-apps/qorc_fpga_breathectrl/GCC_Project/output/tasks.o
                0x00000000000058d4                pvTaskIncrementMutexHeldCount
 .text.prvCheckForValidListAndQueue
                0x00000000000058ec       0x58 /home/kshitij/qorc/qorc-sdk/qorc-onion-apps/qorc_fpga_breathectrl/GCC_Project/output/timers.o
 .text.prvInsertTimerInActiveList
                0x0000000000005944       0x3c /home/kshitij/qorc/qorc-sdk/qorc-onion-apps/qorc_fpga_breathectrl/GCC_Project/output/timers.o
 .text.xTimerCreateTimerTask
                0x0000000000005980       0x64 /home/kshitij/qorc/qorc-sdk/qorc-onion-apps/qorc_fpga_breathectrl/GCC_Project/output/timers.o
                0x0000000000005980                xTimerCreateTimerTask
 .text.xTimerCreate
                0x00000000000059e4       0x58 /home/kshitij/qorc/qorc-sdk/qorc-onion-apps/qorc_fpga_breathectrl/GCC_Project/output/timers.o
                0x00000000000059e4                xTimerCreate
 .text.xTimerGenericCommand
                0x0000000000005a3c       0x70 /home/kshitij/qorc/qorc-sdk/qorc-onion-apps/qorc_fpga_breathectrl/GCC_Project/output/timers.o
                0x0000000000005a3c                xTimerGenericCommand
 .text.prvSwitchTimerLists
                0x0000000000005aac       0x90 /home/kshitij/qorc/qorc-sdk/qorc-onion-apps/qorc_fpga_breathectrl/GCC_Project/output/timers.o
 .text.prvTimerTask
                0x0000000000005b3c      0x218 /home/kshitij/qorc/qorc-sdk/qorc-onion-apps/qorc_fpga_breathectrl/GCC_Project/output/timers.o
 .text          0x0000000000005d54       0x30 /home/kshitij/qorc/qorc-sdk/arm_toolchain_install/gcc-arm-none-eabi-9-2020-q2-update/bin/../lib/gcc/arm-none-eabi/9.3.1/thumb/v7e-m+fp/hard/libgcc.a(_aeabi_uldivmod.o)
                0x0000000000005d54                __aeabi_uldivmod
 .text          0x0000000000005d84      0x2c4 /home/kshitij/qorc/qorc-sdk/arm_toolchain_install/gcc-arm-none-eabi-9-2020-q2-update/bin/../lib/gcc/arm-none-eabi/9.3.1/thumb/v7e-m+fp/hard/libgcc.a(_udivmoddi4.o)
                0x0000000000005d84                __udivmoddi4
 .text          0x0000000000006048        0x4 /home/kshitij/qorc/qorc-sdk/arm_toolchain_install/gcc-arm-none-eabi-9-2020-q2-update/bin/../lib/gcc/arm-none-eabi/9.3.1/thumb/v7e-m+fp/hard/libgcc.a(_dvmd_tls.o)
                0x0000000000006048                __aeabi_ldiv0
                0x0000000000006048                __aeabi_idiv0
 .text.exit     0x000000000000604c       0x28 /home/kshitij/qorc/qorc-sdk/arm_toolchain_install/gcc-arm-none-eabi-9-2020-q2-update/bin/../lib/gcc/arm-none-eabi/9.3.1/../../../../arm-none-eabi/lib/thumb/v7e-m+fp/hard/libg_nano.a(lib_a-exit.o)
                0x000000000000604c                exit
 .text.__libc_init_array
                0x0000000000006074       0x48 /home/kshitij/qorc/qorc-sdk/arm_toolchain_install/gcc-arm-none-eabi-9-2020-q2-update/bin/../lib/gcc/arm-none-eabi/9.3.1/../../../../arm-none-eabi/lib/thumb/v7e-m+fp/hard/libg_nano.a(lib_a-init.o)
                0x0000000000006074                __libc_init_array
 .text.memcpy   0x00000000000060bc       0x1c /home/kshitij/qorc/qorc-sdk/arm_toolchain_install/gcc-arm-none-eabi-9-2020-q2-update/bin/../lib/gcc/arm-none-eabi/9.3.1/../../../../arm-none-eabi/lib/thumb/v7e-m+fp/hard/libg_nano.a(lib_a-memcpy-stub.o)
                0x00000000000060bc                memcpy
 .text.memset   0x00000000000060d8       0x10 /home/kshitij/qorc/qorc-sdk/arm_toolchain_install/gcc-arm-none-eabi-9-2020-q2-update/bin/../lib/gcc/arm-none-eabi/9.3.1/../../../../arm-none-eabi/lib/thumb/v7e-m+fp/hard/libg_nano.a(lib_a-memset.o)
                0x00000000000060d8                memset
 .text._free_r  0x00000000000060e8       0xa0 /home/kshitij/qorc/qorc-sdk/arm_toolchain_install/gcc-arm-none-eabi-9-2020-q2-update/bin/../lib/gcc/arm-none-eabi/9.3.1/../../../../arm-none-eabi/lib/thumb/v7e-m+fp/hard/libg_nano.a(lib_a-nano-freer.o)
                0x00000000000060e8                _free_r
 .text._malloc_r
                0x0000000000006188       0xb4 /home/kshitij/qorc/qorc-sdk/arm_toolchain_install/gcc-arm-none-eabi-9-2020-q2-update/bin/../lib/gcc/arm-none-eabi/9.3.1/../../../../arm-none-eabi/lib/thumb/v7e-m+fp/hard/libg_nano.a(lib_a-nano-mallocr.o)
                0x0000000000006188                _malloc_r
 .text.printf   0x000000000000623c       0x30 /home/kshitij/qorc/qorc-sdk/arm_toolchain_install/gcc-arm-none-eabi-9-2020-q2-update/bin/../lib/gcc/arm-none-eabi/9.3.1/../../../../arm-none-eabi/lib/thumb/v7e-m+fp/hard/libg_nano.a(lib_a-printf.o)
                0x000000000000623c                printf
                0x000000000000623c                iprintf
 .text._puts_r  0x000000000000626c       0xdc /home/kshitij/qorc/qorc-sdk/arm_toolchain_install/gcc-arm-none-eabi-9-2020-q2-update/bin/../lib/gcc/arm-none-eabi/9.3.1/../../../../arm-none-eabi/lib/thumb/v7e-m+fp/hard/libg_nano.a(lib_a-puts.o)
                0x000000000000626c                _puts_r
 .text.puts     0x0000000000006348       0x10 /home/kshitij/qorc/qorc-sdk/arm_toolchain_install/gcc-arm-none-eabi-9-2020-q2-update/bin/../lib/gcc/arm-none-eabi/9.3.1/../../../../arm-none-eabi/lib/thumb/v7e-m+fp/hard/libg_nano.a(lib_a-puts.o)
                0x0000000000006348                puts
 .text._sbrk_r  0x0000000000006358       0x20 /home/kshitij/qorc/qorc-sdk/arm_toolchain_install/gcc-arm-none-eabi-9-2020-q2-update/bin/../lib/gcc/arm-none-eabi/9.3.1/../../../../arm-none-eabi/lib/thumb/v7e-m+fp/hard/libg_nano.a(lib_a-sbrkr.o)
                0x0000000000006358                _sbrk_r
 .text          0x0000000000006378       0x1c /home/kshitij/qorc/qorc-sdk/arm_toolchain_install/gcc-arm-none-eabi-9-2020-q2-update/bin/../lib/gcc/arm-none-eabi/9.3.1/../../../../arm-none-eabi/lib/thumb/v7e-m+fp/hard/libg_nano.a(lib_a-setjmp.o)
                0x0000000000006378                setjmp
                0x0000000000006384                longjmp
 .text.snprintf
                0x0000000000006394       0x68 /home/kshitij/qorc/qorc-sdk/arm_toolchain_install/gcc-arm-none-eabi-9-2020-q2-update/bin/../lib/gcc/arm-none-eabi/9.3.1/../../../../arm-none-eabi/lib/thumb/v7e-m+fp/hard/libg_nano.a(lib_a-snprintf.o)
                0x0000000000006394                snprintf
                0x0000000000006394                sniprintf
 .text.sprintf  0x00000000000063fc       0x40 /home/kshitij/qorc/qorc-sdk/arm_toolchain_install/gcc-arm-none-eabi-9-2020-q2-update/bin/../lib/gcc/arm-none-eabi/9.3.1/../../../../arm-none-eabi/lib/thumb/v7e-m+fp/hard/libg_nano.a(lib_a-sprintf.o)
                0x00000000000063fc                sprintf
                0x00000000000063fc                siprintf
 .text.strchr   0x000000000000643c       0x1a /home/kshitij/qorc/qorc-sdk/arm_toolchain_install/gcc-arm-none-eabi-9-2020-q2-update/bin/../lib/gcc/arm-none-eabi/9.3.1/../../../../arm-none-eabi/lib/thumb/v7e-m+fp/hard/libg_nano.a(lib_a-strchr.o)
                0x000000000000643c                strchr
 .text          0x0000000000006456       0x14 /home/kshitij/qorc/qorc-sdk/arm_toolchain_install/gcc-arm-none-eabi-9-2020-q2-update/bin/../lib/gcc/arm-none-eabi/9.3.1/../../../../arm-none-eabi/lib/thumb/v7e-m+fp/hard/libg_nano.a(lib_a-strcmp.o)
                0x0000000000006456                strcmp
 .text.strcpy   0x000000000000646a       0x10 /home/kshitij/qorc/qorc-sdk/arm_toolchain_install/gcc-arm-none-eabi-9-2020-q2-update/bin/../lib/gcc/arm-none-eabi/9.3.1/../../../../arm-none-eabi/lib/thumb/v7e-m+fp/hard/libg_nano.a(lib_a-strcpy.o)
                0x000000000000646a                strcpy
 .text          0x000000000000647a       0x10 /home/kshitij/qorc/qorc-sdk/arm_toolchain_install/gcc-arm-none-eabi-9-2020-q2-update/bin/../lib/gcc/arm-none-eabi/9.3.1/../../../../arm-none-eabi/lib/thumb/v7e-m+fp/hard/libg_nano.a(lib_a-strlen.o)
                0x000000000000647a                strlen
 .text.strncpy  0x000000000000648a       0x26 /home/kshitij/qorc/qorc-sdk/arm_toolchain_install/gcc-arm-none-eabi-9-2020-q2-update/bin/../lib/gcc/arm-none-eabi/9.3.1/../../../../arm-none-eabi/lib/thumb/v7e-m+fp/hard/libg_nano.a(lib_a-strncpy.o)
                0x000000000000648a                strncpy
 .text.strrchr  0x00000000000064b0       0x28 /home/kshitij/qorc/qorc-sdk/arm_toolchain_install/gcc-arm-none-eabi-9-2020-q2-update/bin/../lib/gcc/arm-none-eabi/9.3.1/../../../../arm-none-eabi/lib/thumb/v7e-m+fp/hard/libg_nano.a(lib_a-strrchr.o)
                0x00000000000064b0                strrchr
 .text.__strtok_r
                0x00000000000064d8       0x50 /home/kshitij/qorc/qorc-sdk/arm_toolchain_install/gcc-arm-none-eabi-9-2020-q2-update/bin/../lib/gcc/arm-none-eabi/9.3.1/../../../../arm-none-eabi/lib/thumb/v7e-m+fp/hard/libg_nano.a(lib_a-strtok_r.o)
                0x00000000000064d8                __strtok_r
 .text.strtok_r
                0x0000000000006528        0x6 /home/kshitij/qorc/qorc-sdk/arm_toolchain_install/gcc-arm-none-eabi-9-2020-q2-update/bin/../lib/gcc/arm-none-eabi/9.3.1/../../../../arm-none-eabi/lib/thumb/v7e-m+fp/hard/libg_nano.a(lib_a-strtok_r.o)
                0x0000000000006528                strtok_r
 *fill*         0x000000000000652e        0x2 
 .text._strtoll_l.isra.0
                0x0000000000006530      0x12c /home/kshitij/qorc/qorc-sdk/arm_toolchain_install/gcc-arm-none-eabi-9-2020-q2-update/bin/../lib/gcc/arm-none-eabi/9.3.1/../../../../arm-none-eabi/lib/thumb/v7e-m+fp/hard/libg_nano.a(lib_a-strtoll.o)
 .text.strtoll  0x000000000000665c       0x14 /home/kshitij/qorc/qorc-sdk/arm_toolchain_install/gcc-arm-none-eabi-9-2020-q2-update/bin/../lib/gcc/arm-none-eabi/9.3.1/../../../../arm-none-eabi/lib/thumb/v7e-m+fp/hard/libg_nano.a(lib_a-strtoll.o)
                0x000000000000665c                strtoll
 .text._strtoull_l.isra.0
                0x0000000000006670      0x134 /home/kshitij/qorc/qorc-sdk/arm_toolchain_install/gcc-arm-none-eabi-9-2020-q2-update/bin/../lib/gcc/arm-none-eabi/9.3.1/../../../../arm-none-eabi/lib/thumb/v7e-m+fp/hard/libg_nano.a(lib_a-strtoull.o)
 .text.strtoull
                0x00000000000067a4       0x14 /home/kshitij/qorc/qorc-sdk/arm_toolchain_install/gcc-arm-none-eabi-9-2020-q2-update/bin/../lib/gcc/arm-none-eabi/9.3.1/../../../../arm-none-eabi/lib/thumb/v7e-m+fp/hard/libg_nano.a(lib_a-strtoull.o)
                0x00000000000067a4                strtoull
 .text._vsnprintf_r
                0x00000000000067b8       0x58 /home/kshitij/qorc/qorc-sdk/arm_toolchain_install/gcc-arm-none-eabi-9-2020-q2-update/bin/../lib/gcc/arm-none-eabi/9.3.1/../../../../arm-none-eabi/lib/thumb/v7e-m+fp/hard/libg_nano.a(lib_a-vsnprintf.o)
                0x00000000000067b8                _vsnprintf_r
                0x00000000000067b8                _vsniprintf_r
 .text.vsnprintf
                0x0000000000006810       0x1c /home/kshitij/qorc/qorc-sdk/arm_toolchain_install/gcc-arm-none-eabi-9-2020-q2-update/bin/../lib/gcc/arm-none-eabi/9.3.1/../../../../arm-none-eabi/lib/thumb/v7e-m+fp/hard/libg_nano.a(lib_a-vsnprintf.o)
                0x0000000000006810                vsnprintf
                0x0000000000006810                vsniprintf
 .text.__swbuf_r
                0x000000000000682c       0xa4 /home/kshitij/qorc/qorc-sdk/arm_toolchain_install/gcc-arm-none-eabi-9-2020-q2-update/bin/../lib/gcc/arm-none-eabi/9.3.1/../../../../arm-none-eabi/lib/thumb/v7e-m+fp/hard/libg_nano.a(lib_a-wbuf.o)
                0x000000000000682c                __swbuf_r
 .text.__swsetup_r
                0x00000000000068d0       0xdc /home/kshitij/qorc/qorc-sdk/arm_toolchain_install/gcc-arm-none-eabi-9-2020-q2-update/bin/../lib/gcc/arm-none-eabi/9.3.1/../../../../arm-none-eabi/lib/thumb/v7e-m+fp/hard/libg_nano.a(lib_a-wsetup.o)
                0x00000000000068d0                __swsetup_r
 .text.__sflush_r
                0x00000000000069ac      0x10c /home/kshitij/qorc/qorc-sdk/arm_toolchain_install/gcc-arm-none-eabi-9-2020-q2-update/bin/../lib/gcc/arm-none-eabi/9.3.1/../../../../arm-none-eabi/lib/thumb/v7e-m+fp/hard/libg_nano.a(lib_a-fflush.o)
                0x00000000000069ac                __sflush_r
 .text._fflush_r
                0x0000000000006ab8       0x78 /home/kshitij/qorc/qorc-sdk/arm_toolchain_install/gcc-arm-none-eabi-9-2020-q2-update/bin/../lib/gcc/arm-none-eabi/9.3.1/../../../../arm-none-eabi/lib/thumb/v7e-m+fp/hard/libg_nano.a(lib_a-fflush.o)
                0x0000000000006ab8                _fflush_r
 .text.std      0x0000000000006b30       0x48 /home/kshitij/qorc/qorc-sdk/arm_toolchain_install/gcc-arm-none-eabi-9-2020-q2-update/bin/../lib/gcc/arm-none-eabi/9.3.1/../../../../arm-none-eabi/lib/thumb/v7e-m+fp/hard/libg_nano.a(lib_a-findfp.o)
 .text._cleanup_r
                0x0000000000006b78        0xc /home/kshitij/qorc/qorc-sdk/arm_toolchain_install/gcc-arm-none-eabi-9-2020-q2-update/bin/../lib/gcc/arm-none-eabi/9.3.1/../../../../arm-none-eabi/lib/thumb/v7e-m+fp/hard/libg_nano.a(lib_a-findfp.o)
                0x0000000000006b78                _cleanup_r
 .text.__sfmoreglue
                0x0000000000006b84       0x2c /home/kshitij/qorc/qorc-sdk/arm_toolchain_install/gcc-arm-none-eabi-9-2020-q2-update/bin/../lib/gcc/arm-none-eabi/9.3.1/../../../../arm-none-eabi/lib/thumb/v7e-m+fp/hard/libg_nano.a(lib_a-findfp.o)
                0x0000000000006b84                __sfmoreglue
 .text.__sfp_lock_acquire
                0x0000000000006bb0        0xc /home/kshitij/qorc/qorc-sdk/arm_toolchain_install/gcc-arm-none-eabi-9-2020-q2-update/bin/../lib/gcc/arm-none-eabi/9.3.1/../../../../arm-none-eabi/lib/thumb/v7e-m+fp/hard/libg_nano.a(lib_a-findfp.o)
                0x0000000000006bb0                __sfp_lock_acquire
 .text.__sfp_lock_release
                0x0000000000006bbc        0xc /home/kshitij/qorc/qorc-sdk/arm_toolchain_install/gcc-arm-none-eabi-9-2020-q2-update/bin/../lib/gcc/arm-none-eabi/9.3.1/../../../../arm-none-eabi/lib/thumb/v7e-m+fp/hard/libg_nano.a(lib_a-findfp.o)
                0x0000000000006bbc                __sfp_lock_release
 .text.__sinit_lock_acquire
                0x0000000000006bc8        0xc /home/kshitij/qorc/qorc-sdk/arm_toolchain_install/gcc-arm-none-eabi-9-2020-q2-update/bin/../lib/gcc/arm-none-eabi/9.3.1/../../../../arm-none-eabi/lib/thumb/v7e-m+fp/hard/libg_nano.a(lib_a-findfp.o)
                0x0000000000006bc8                __sinit_lock_acquire
 .text.__sinit_lock_release
                0x0000000000006bd4        0xc /home/kshitij/qorc/qorc-sdk/arm_toolchain_install/gcc-arm-none-eabi-9-2020-q2-update/bin/../lib/gcc/arm-none-eabi/9.3.1/../../../../arm-none-eabi/lib/thumb/v7e-m+fp/hard/libg_nano.a(lib_a-findfp.o)
                0x0000000000006bd4                __sinit_lock_release
 .text.__sinit  0x0000000000006be0       0x70 /home/kshitij/qorc/qorc-sdk/arm_toolchain_install/gcc-arm-none-eabi-9-2020-q2-update/bin/../lib/gcc/arm-none-eabi/9.3.1/../../../../arm-none-eabi/lib/thumb/v7e-m+fp/hard/libg_nano.a(lib_a-findfp.o)
                0x0000000000006be0                __sinit